Archive member included to satisfy reference by file (symbol)

C:/Users/lucas/AppData/Roaming/xPacks/xpack-arm-none-eabi-gcc-14.2.1-1.1/bin/../lib/gcc/arm-none-eabi/14.2.1/../../../../arm-none-eabi/lib/thumb/v7e-m+fp/hard\libm.a(libm_a-w_exp.o)
                              ./system/src/cmsis/dsp/FastMathFunctions/FastMathFunctions.o (exp)
C:/Users/lucas/AppData/Roaming/xPacks/xpack-arm-none-eabi-gcc-14.2.1-1.1/bin/../lib/gcc/arm-none-eabi/14.2.1/../../../../arm-none-eabi/lib/thumb/v7e-m+fp/hard\libm.a(libm_a-w_log.o)
                              ./system/src/cmsis/dsp/FastMathFunctions/FastMathFunctions.o (log)
C:/Users/lucas/AppData/Roaming/xPacks/xpack-arm-none-eabi-gcc-14.2.1-1.1/bin/../lib/gcc/arm-none-eabi/14.2.1/../../../../arm-none-eabi/lib/thumb/v7e-m+fp/hard\libm.a(libm_a-wf_exp.o)
                              ./system/src/cmsis/dsp/FastMathFunctions/FastMathFunctions.o (expf)
C:/Users/lucas/AppData/Roaming/xPacks/xpack-arm-none-eabi-gcc-14.2.1-1.1/bin/../lib/gcc/arm-none-eabi/14.2.1/../../../../arm-none-eabi/lib/thumb/v7e-m+fp/hard\libm.a(libm_a-wf_log.o)
                              ./system/src/cmsis/dsp/FastMathFunctions/FastMathFunctions.o (logf)
C:/Users/lucas/AppData/Roaming/xPacks/xpack-arm-none-eabi-gcc-14.2.1-1.1/bin/../lib/gcc/arm-none-eabi/14.2.1/../../../../arm-none-eabi/lib/thumb/v7e-m+fp/hard\libm.a(libm_a-s_finite.o)
                              C:/Users/lucas/AppData/Roaming/xPacks/xpack-arm-none-eabi-gcc-14.2.1-1.1/bin/../lib/gcc/arm-none-eabi/14.2.1/../../../../arm-none-eabi/lib/thumb/v7e-m+fp/hard\libm.a(libm_a-w_exp.o) (finite)
C:/Users/lucas/AppData/Roaming/xPacks/xpack-arm-none-eabi-gcc-14.2.1-1.1/bin/../lib/gcc/arm-none-eabi/14.2.1/../../../../arm-none-eabi/lib/thumb/v7e-m+fp/hard\libm.a(libm_a-s_nan.o)
                              C:/Users/lucas/AppData/Roaming/xPacks/xpack-arm-none-eabi-gcc-14.2.1-1.1/bin/../lib/gcc/arm-none-eabi/14.2.1/../../../../arm-none-eabi/lib/thumb/v7e-m+fp/hard\libm.a(libm_a-w_log.o) (nan)
C:/Users/lucas/AppData/Roaming/xPacks/xpack-arm-none-eabi-gcc-14.2.1-1.1/bin/../lib/gcc/arm-none-eabi/14.2.1/../../../../arm-none-eabi/lib/thumb/v7e-m+fp/hard\libm.a(libm_a-sf_finite.o)
                              C:/Users/lucas/AppData/Roaming/xPacks/xpack-arm-none-eabi-gcc-14.2.1-1.1/bin/../lib/gcc/arm-none-eabi/14.2.1/../../../../arm-none-eabi/lib/thumb/v7e-m+fp/hard\libm.a(libm_a-wf_exp.o) (finitef)
C:/Users/lucas/AppData/Roaming/xPacks/xpack-arm-none-eabi-gcc-14.2.1-1.1/bin/../lib/gcc/arm-none-eabi/14.2.1/../../../../arm-none-eabi/lib/thumb/v7e-m+fp/hard\libm.a(libm_a-sf_nan.o)
                              C:/Users/lucas/AppData/Roaming/xPacks/xpack-arm-none-eabi-gcc-14.2.1-1.1/bin/../lib/gcc/arm-none-eabi/14.2.1/../../../../arm-none-eabi/lib/thumb/v7e-m+fp/hard\libm.a(libm_a-wf_log.o) (nanf)
C:/Users/lucas/AppData/Roaming/xPacks/xpack-arm-none-eabi-gcc-14.2.1-1.1/bin/../lib/gcc/arm-none-eabi/14.2.1/../../../../arm-none-eabi/lib/thumb/v7e-m+fp/hard\libm.a(libm_a-e_exp.o)
                              C:/Users/lucas/AppData/Roaming/xPacks/xpack-arm-none-eabi-gcc-14.2.1-1.1/bin/../lib/gcc/arm-none-eabi/14.2.1/../../../../arm-none-eabi/lib/thumb/v7e-m+fp/hard\libm.a(libm_a-w_exp.o) (__ieee754_exp)
C:/Users/lucas/AppData/Roaming/xPacks/xpack-arm-none-eabi-gcc-14.2.1-1.1/bin/../lib/gcc/arm-none-eabi/14.2.1/../../../../arm-none-eabi/lib/thumb/v7e-m+fp/hard\libm.a(libm_a-e_log.o)
                              C:/Users/lucas/AppData/Roaming/xPacks/xpack-arm-none-eabi-gcc-14.2.1-1.1/bin/../lib/gcc/arm-none-eabi/14.2.1/../../../../arm-none-eabi/lib/thumb/v7e-m+fp/hard\libm.a(libm_a-w_log.o) (__ieee754_log)
C:/Users/lucas/AppData/Roaming/xPacks/xpack-arm-none-eabi-gcc-14.2.1-1.1/bin/../lib/gcc/arm-none-eabi/14.2.1/../../../../arm-none-eabi/lib/thumb/v7e-m+fp/hard\libm.a(libm_a-ef_exp.o)
                              C:/Users/lucas/AppData/Roaming/xPacks/xpack-arm-none-eabi-gcc-14.2.1-1.1/bin/../lib/gcc/arm-none-eabi/14.2.1/../../../../arm-none-eabi/lib/thumb/v7e-m+fp/hard\libm.a(libm_a-wf_exp.o) (__ieee754_expf)
C:/Users/lucas/AppData/Roaming/xPacks/xpack-arm-none-eabi-gcc-14.2.1-1.1/bin/../lib/gcc/arm-none-eabi/14.2.1/../../../../arm-none-eabi/lib/thumb/v7e-m+fp/hard\libm.a(libm_a-ef_log.o)
                              C:/Users/lucas/AppData/Roaming/xPacks/xpack-arm-none-eabi-gcc-14.2.1-1.1/bin/../lib/gcc/arm-none-eabi/14.2.1/../../../../arm-none-eabi/lib/thumb/v7e-m+fp/hard\libm.a(libm_a-wf_log.o) (__ieee754_logf)
C:/Users/lucas/AppData/Roaming/xPacks/xpack-arm-none-eabi-gcc-14.2.1-1.1/bin/../lib/gcc/arm-none-eabi/14.2.1/../../../../arm-none-eabi/lib/thumb/v7e-m+fp/hard\libm.a(libm_a-math_err.o)
                              C:/Users/lucas/AppData/Roaming/xPacks/xpack-arm-none-eabi-gcc-14.2.1-1.1/bin/../lib/gcc/arm-none-eabi/14.2.1/../../../../arm-none-eabi/lib/thumb/v7e-m+fp/hard\libm.a(libm_a-e_exp.o) (__math_uflow)
[...]
Memory Configuration

Name             Origin             Length             Attributes
RAM              0x20000000         0x00020000         xrw
CCMRAM           0x10000000         0x00010000         xrw
FLASH            0x08000000         0x00100000         xr
FLASHB1          0x00000000         0x00000000         xr
EXTMEMB0         0x00000000         0x00000000         xr
EXTMEMB1         0x00000000         0x00000000         xr
EXTMEMB2         0x00000000         0x00000000         xr
EXTMEMB3         0x00000000         0x00000000         xr
MEMORY_ARRAY     0x20002000         0x00000020         xrw
*default*        0x00000000         0xffffffff

Linker script and memory map

LOAD ./system/src/stm32f4_discovery/stm32f4_discovery.o
LOAD ./system/src/stm32f4_discovery/stm32f4_discovery_accelerometer.o
LOAD ./system/src/stm32f4-hal/Legacy/stm32f4xx_hal_can.o
LOAD ./system/src/stm32f4-hal/Legacy/stm32f4xx_hal_eth.o
LOAD ./system/src/stm32f4-hal/stm32f4xx_hal.o
LOAD ./system/src/stm32f4-hal/stm32f4xx_hal_cortex.o
LOAD ./system/src/stm32f4-hal/stm32f4xx_hal_dma.o
LOAD ./system/src/stm32f4-hal/stm32f4xx_hal_flash.o
LOAD ./system/src/stm32f4-hal/stm32f4xx_hal_flash_ex.o
LOAD ./system/src/stm32f4-hal/stm32f4xx_hal_flash_ramfunc.o
LOAD ./system/src/stm32f4-hal/stm32f4xx_hal_fmpsmbus_ex.o
LOAD ./system/src/stm32f4-hal/stm32f4xx_hal_gpio.o
LOAD ./system/src/stm32f4-hal/stm32f4xx_hal_i2s.o
LOAD ./system/src/stm32f4-hal/stm32f4xx_hal_i2s_ex.o
LOAD ./system/src/stm32f4-hal/stm32f4xx_hal_iwdg.o
LOAD ./system/src/stm32f4-hal/stm32f4xx_hal_pwr.o
LOAD ./system/src/stm32f4-hal/stm32f4xx_hal_rcc.o
LOAD ./system/src/stm32f4-hal/stm32f4xx_hal_rcc_ex.o
LOAD ./system/src/stm32f4-hal/stm32f4xx_hal_spi.o
LOAD ./system/src/newlib/assert.o
LOAD ./system/src/newlib/cxx.o
LOAD ./system/src/newlib/exit.o
LOAD ./system/src/newlib/sbrk.o
LOAD ./system/src/newlib/startup.o
LOAD ./system/src/newlib/syscalls.o
LOAD ./system/src/diag/trace-impl.o
LOAD ./system/src/diag/trace.o
LOAD ./system/src/cortexm/exception-handlers.o
LOAD ./system/src/cortexm/initialize-hardware.o
LOAD ./system/src/cortexm/reset-hardware.o
LOAD ./system/src/cmsis/dsp/FilteringFunctions/FilteringFunctions.o
LOAD ./system/src/cmsis/dsp/FilteringFunctions/FilteringFunctionsF16.o
LOAD ./system/src/cmsis/dsp/FastMathFunctions/FastMathFunctions.o
LOAD ./system/src/cmsis/dsp/FastMathFunctions/FastMathFunctionsF16.o
LOAD ./system/src/cmsis/dsp/CommonTables/CommonTables.o
LOAD ./system/src/cmsis/dsp/CommonTables/CommonTablesF16.o
LOAD ./system/src/cmsis/dsp/BasicMathFunctions/BasicMathFunctions.o
LOAD ./system/src/cmsis/dsp/BasicMathFunctions/BasicMathFunctionsF16.o
LOAD ./system/src/cmsis/system_stm32f4xx.o
LOAD ./system/src/cmsis/vectors_stm32f407xx.o
LOAD ./system/src/Components/wm5102/wm5102.o
LOAD ./system/src/Components/lis3dsh/lis3dsh.o
LOAD ./system/src/Components/lis302dl/lis302dl.o
LOAD ./src/_initialize_hardware.o
LOAD ./src/_write.o
LOAD ./src/dwt.o
LOAD ./src/main.o
LOAD ./src/stm32f4xx_it.o
LOAD ./src/tests.o
LOAD ./src/utils.o
LOAD ./src/wolfson_pi_audio.o
LOAD C:/Users/lucas/AppData/Roaming/xPacks/xpack-arm-none-eabi-gcc-14.2.1-1.1/bin/../lib/gcc/arm-none-eabi/14.2.1/../../../../arm-none-eabi/lib/thumb/v7e-m+fp/hard\libstdc++_nano.a
LOAD C:/Users/lucas/AppData/Roaming/xPacks/xpack-arm-none-eabi-gcc-14.2.1-1.1/bin/../lib/gcc/arm-none-eabi/14.2.1/../../../../arm-none-eabi/lib/thumb/v7e-m+fp/hard\libm.a
START GROUP
LOAD C:/Users/lucas/AppData/Roaming/xPacks/xpack-arm-none-eabi-gcc-14.2.1-1.1/bin/../lib/gcc/arm-none-eabi/14.2.1/thumb/v7e-m+fp/hard\libgcc.a
LOAD C:/Users/lucas/AppData/Roaming/xPacks/xpack-arm-none-eabi-gcc-14.2.1-1.1/bin/../lib/gcc/arm-none-eabi/14.2.1/../../../../arm-none-eabi/lib/thumb/v7e-m+fp/hard\libg_nano.a
LOAD C:/Users/lucas/AppData/Roaming/xPacks/xpack-arm-none-eabi-gcc-14.2.1-1.1/bin/../lib/gcc/arm-none-eabi/14.2.1/../../../../arm-none-eabi/lib/thumb/v7e-m+fp/hard\libc_nano.a
END GROUP
START GROUP
LOAD C:/Users/lucas/AppData/Roaming/xPacks/xpack-arm-none-eabi-gcc-14.2.1-1.1/bin/../lib/gcc/arm-none-eabi/14.2.1/thumb/v7e-m+fp/hard\libgcc.a
LOAD C:/Users/lucas/AppData/Roaming/xPacks/xpack-arm-none-eabi-gcc-14.2.1-1.1/bin/../lib/gcc/arm-none-eabi/14.2.1/../../../../arm-none-eabi/lib/thumb/v7e-m+fp/hard\libc_nano.a
END GROUP
                0x20020000                        __stack = (ORIGIN (RAM) + LENGTH (RAM))
                0x20020000                        _estack = __stack
                0x00000400                        __Main_Stack_Size = 0x400
                [!provide]                        PROVIDE (_Main_Stack_Size = __Main_Stack_Size)
                0x2001fc00                        __Main_Stack_Limit = (__stack - __Main_Stack_Size)
                [!provide]                        PROVIDE (_Main_Stack_Limit = __Main_Stack_Limit)
                0x00000100                        _Minimum_Stack_Size = 0x100
                0x20004670                        PROVIDE (_Heap_Begin = _end_noinit)
                0x2001fc00                        PROVIDE (_Heap_Limit = (__stack - __Main_Stack_Size))

.isr_vector     0x08000000      0x3e8
 FILL mask 0xff
                0x08000000                        __vectors_start = ABSOLUTE (.)
                0x08000000                        __vectors_start__ = ABSOLUTE (.)
 *(.isr_vector)
 .isr_vector    0x08000000      0x188 ./system/src/cmsis/vectors_stm32f407xx.o
                0x08000000                __isr_vectors
 *(.cfmconfig)
 *(.after_vectors .after_vectors.*)
 .after_vectors
                0x08000188      0x130 ./system/src/newlib/startup.o
                0x08000188                _start
 .after_vectors
                0x080002b8      0x12c ./system/src/cortexm/exception-handlers.o
                0x080002b8                Reset_Handler
                0x080002d6                HardFault_Handler_C
                0x0800034c                BusFault_Handler_C
                0x08000394                UsageFault_Handler_C
 .after_vectors
                0x080003e4        0x4 ./system/src/cmsis/vectors_stm32f407xx.o
                0x080003e4                RTC_Alarm_IRQHandler
                0x080003e4                HASH_RNG_IRQHandler
                0x080003e4                EXTI2_IRQHandler
                0x080003e4                TIM8_CC_IRQHandler
                0x080003e4                TIM1_CC_IRQHandler
                0x080003e4                DMA2_Stream5_IRQHandler
                0x080003e4                PVD_IRQHandler
                0x080003e4                SDIO_IRQHandler
                0x080003e4                TAMP_STAMP_IRQHandler
                0x080003e4                CAN2_RX1_IRQHandler
                0x080003e4                EXTI3_IRQHandler
                0x080003e4                TIM8_TRG_COM_TIM14_IRQHandler
                0x080003e4                TIM1_UP_TIM10_IRQHandler
                0x080003e4                TIM8_UP_TIM13_IRQHandler
                0x080003e4                I2C3_ER_IRQHandler
                0x080003e4                I2C2_EV_IRQHandler
                0x080003e4                DMA1_Stream2_IRQHandler
                0x080003e4                CAN1_RX0_IRQHandler
                0x080003e4                FPU_IRQHandler
                0x080003e4                OTG_HS_WKUP_IRQHandler
                0x080003e4                CAN2_SCE_IRQHandler
                0x080003e4                DMA2_Stream2_IRQHandler
                0x080003e4                SPI1_IRQHandler
                0x080003e4                TIM6_DAC_IRQHandler
                0x080003e4                TIM1_BRK_TIM9_IRQHandler
                0x080003e4                DCMI_IRQHandler
                0x080003e4                CAN2_RX0_IRQHandler
                0x080003e4                DMA2_Stream3_IRQHandler
                0x080003e4                USART6_IRQHandler
                0x080003e4                USART3_IRQHandler
                0x080003e4                CAN1_RX1_IRQHandler
                0x080003e4                UART5_IRQHandler
                0x080003e4                DMA2_Stream0_IRQHandler
                0x080003e4                TIM4_IRQHandler
                0x080003e4                I2C1_EV_IRQHandler
                0x080003e4                DMA1_Stream6_IRQHandler
                0x080003e4                DMA1_Stream1_IRQHandler
                0x080003e4                UART4_IRQHandler
                0x080003e4                TIM3_IRQHandler
                0x080003e4                RCC_IRQHandler
                0x080003e4                TIM8_BRK_TIM12_IRQHandler
                0x080003e4                Default_Handler
                0x080003e4                EXTI15_10_IRQHandler
                0x080003e4                ADC_IRQHandler
                0x080003e4                DMA1_Stream7_IRQHandler
                0x080003e4                TIM7_IRQHandler
                0x080003e4                CAN2_TX_IRQHandler
                0x080003e4                TIM5_IRQHandler
                0x080003e4                DMA2_Stream7_IRQHandler
                0x080003e4                I2C3_EV_IRQHandler
                0x080003e4                EXTI9_5_IRQHandler
                0x080003e4                RTC_WKUP_IRQHandler
                0x080003e4                ETH_WKUP_IRQHandler
                0x080003e4                SPI2_IRQHandler
                0x080003e4                OTG_HS_EP1_IN_IRQHandler
                0x080003e4                CAN1_TX_IRQHandler
                0x080003e4                EXTI4_IRQHandler
                0x080003e4                ETH_IRQHandler
                0x080003e4                OTG_HS_EP1_OUT_IRQHandler
                0x080003e4                WWDG_IRQHandler
                0x080003e4                TIM2_IRQHandler
                0x080003e4                OTG_FS_WKUP_IRQHandler
                0x080003e4                TIM1_TRG_COM_TIM11_IRQHandler
                0x080003e4                OTG_HS_IRQHandler
                0x080003e4                EXTI1_IRQHandler
                0x080003e4                USART2_IRQHandler
                0x080003e4                I2C2_ER_IRQHandler
                0x080003e4                DMA2_Stream1_IRQHandler
                0x080003e4                CAN1_SCE_IRQHandler
                0x080003e4                FLASH_IRQHandler
                0x080003e4                DMA2_Stream4_IRQHandler
                0x080003e4                USART1_IRQHandler
                0x080003e4                OTG_FS_IRQHandler
                0x080003e4                SPI3_IRQHandler
                0x080003e4                DMA1_Stream4_IRQHandler
                0x080003e4                I2C1_ER_IRQHandler
                0x080003e4                FMC_IRQHandler
                0x080003e4                DMA2_Stream6_IRQHandler
                0x080003e4                DMA1_Stream3_IRQHandler

.inits          0x080003e8       0x28
                0x080003e8                        __data_regions_array_start = .
                0x080003e8        0x4 LONG 0x8008c24 LOADADDR (.data)
                0x080003ec        0x4 LONG 0x20000000 ADDR (.data)
                0x080003f0        0x4 LONG 0x2000017c (ADDR (.data) + SIZEOF (.data))
                0x080003f4        0x4 LONG 0x8008c24 LOADADDR (.data_CCMRAM)
                0x080003f8        0x4 LONG 0x10000000 ADDR (.data_CCMRAM)
                0x080003fc        0x4 LONG 0x10000000 (ADDR (.data_CCMRAM) + SIZEOF (.data_CCMRAM))
                0x08000400                        __data_regions_array_end = .
                0x08000400                        __bss_regions_array_start = .
                0x08000400        0x4 LONG 0x2000017c ADDR (.bss)
                0x08000404        0x4 LONG 0x20004670 (ADDR (.bss) + SIZEOF (.bss))
                0x08000408        0x4 LONG 0x10000000 ADDR (.bss_CCMRAM)
                0x0800040c        0x4 LONG 0x10000000 (ADDR (.bss_CCMRAM) + SIZEOF (.bss_CCMRAM))
                0x08000410                        __bss_regions_array_end = .
 *(.init)
 *(.fini)
                0x08000410                        . = ALIGN (0x4)
                0x08000410                        PROVIDE (__preinit_array_start = .)
 *(.preinit_array_sysinit .preinit_array_sysinit.*)
 *(.preinit_array_platform .preinit_array_platform.*)
 *(.preinit_array .preinit_array.*)
                0x08000410                        PROVIDE (__preinit_array_end = .)
                0x08000410                        . = ALIGN (0x4)
                0x08000410                        PROVIDE (__init_array_start = .)
 *(SORT_BY_NAME(.init_array.*))
 *(.init_array)
                0x08000410                        PROVIDE (__init_array_end = .)
                0x08000410                        . = ALIGN (0x4)
                0x08000410                        PROVIDE (__fini_array_start = .)
 *(SORT_BY_NAME(.fini_array.*))
 *(.fini_array)
                0x08000410                        PROVIDE (__fini_array_end = .)

.flashtext
 *(.flashtext .flashtext.*)

.text           0x08000410     0x880c
 *(.text .text.*)
 .text.SPIx_MspInit
                0x08000410       0x58 ./system/src/stm32f4_discovery/stm32f4_discovery.o
 .text.SPIx_Init
                0x08000468       0x4c ./system/src/stm32f4_discovery/stm32f4_discovery.o
 .text.SPIx_Error
                0x080004b4       0x14 ./system/src/stm32f4_discovery/stm32f4_discovery.o
 .text.SPIx_WriteRead
                0x080004c8       0x40 ./system/src/stm32f4_discovery/stm32f4_discovery.o
 .text.BSP_PB_Init
                0x08000508       0x80 ./system/src/stm32f4_discovery/stm32f4_discovery.o
                0x08000508                BSP_PB_Init
 .text.BSP_PB_GetState
                0x08000588       0x14 ./system/src/stm32f4_discovery/stm32f4_discovery.o
                0x08000588                BSP_PB_GetState
 .text.ACCELERO_IO_Init
                0x0800059c       0x4c ./system/src/stm32f4_discovery/stm32f4_discovery.o
                0x0800059c                ACCELERO_IO_Init
 .text.ACCELERO_IO_ITConfig
                0x080005e8       0x50 ./system/src/stm32f4_discovery/stm32f4_discovery.o
                0x080005e8                ACCELERO_IO_ITConfig
 .text.ACCELERO_IO_Write
                0x08000638       0x44 ./system/src/stm32f4_discovery/stm32f4_discovery.o
                0x08000638                ACCELERO_IO_Write
 .text.ACCELERO_IO_Read
                0x0800067c       0x48 ./system/src/stm32f4_discovery/stm32f4_discovery.o
                0x0800067c                ACCELERO_IO_Read
 .text.BSP_ACCELERO_Init
                0x080006c4       0xac ./system/src/stm32f4_discovery/stm32f4_discovery_accelerometer.o
                0x080006c4                BSP_ACCELERO_Init
 .text.HAL_MspInit
                0x08000770        0x2 ./system/src/stm32f4-hal/stm32f4xx_hal.o
                0x08000770                HAL_MspInit
 *fill*         0x08000772        0x2 
 .text.HAL_InitTick
                0x08000774       0x4c ./system/src/stm32f4-hal/stm32f4xx_hal.o
                0x08000774                HAL_InitTick
 .text.HAL_Init
                0x080007c0       0x34 ./system/src/stm32f4-hal/stm32f4xx_hal.o
                0x080007c0                HAL_Init
 .text.HAL_IncTick
                0x080007f4       0x18 ./system/src/stm32f4-hal/stm32f4xx_hal.o
                0x080007f4                HAL_IncTick
 .text.HAL_GetTick
                0x0800080c        0xc ./system/src/stm32f4-hal/stm32f4xx_hal.o
                0x0800080c                HAL_GetTick
 .text.HAL_Delay
                0x08000818       0x28 ./system/src/stm32f4-hal/stm32f4xx_hal.o
                0x08000818                HAL_Delay
 .text.HAL_SuspendTick
                0x08000840        0xe ./system/src/stm32f4-hal/stm32f4xx_hal.o
                0x08000840                HAL_SuspendTick
 *fill*         0x0800084e        0x2 
 .text.__NVIC_SetPriority
                0x08000850       0x28 ./system/src/stm32f4-hal/stm32f4xx_hal_cortex.o
 .text.NVIC_EncodePriority
                0x08000878       0x3e ./system/src/stm32f4-hal/stm32f4xx_hal_cortex.o
 *fill*         0x080008b6        0x2 
 .text.HAL_NVIC_SetPriorityGrouping
                0x080008b8       0x3c ./system/src/stm32f4-hal/stm32f4xx_hal_cortex.o
                0x080008b8                HAL_NVIC_SetPriorityGrouping
 .text.HAL_NVIC_SetPriority
                0x080008f4       0x48 ./system/src/stm32f4-hal/stm32f4xx_hal_cortex.o
                0x080008f4                HAL_NVIC_SetPriority
 .text.HAL_NVIC_EnableIRQ
                0x0800093c       0x2c ./system/src/stm32f4-hal/stm32f4xx_hal_cortex.o
                0x0800093c                HAL_NVIC_EnableIRQ
 .text.HAL_SYSTICK_Config
                0x08000968       0x28 ./system/src/stm32f4-hal/stm32f4xx_hal_cortex.o
                0x08000968                HAL_SYSTICK_Config
 .text.HAL_SYSTICK_Callback
                0x08000990        0x2 ./system/src/stm32f4-hal/stm32f4xx_hal_cortex.o
                0x08000990                HAL_SYSTICK_Callback
 .text.HAL_SYSTICK_IRQHandler
                0x08000992        0x8 ./system/src/stm32f4-hal/stm32f4xx_hal_cortex.o
                0x08000992                HAL_SYSTICK_IRQHandler
 .text.DMA_SetConfig
                0x0800099a       0x2c ./system/src/stm32f4-hal/stm32f4xx_hal_dma.o
 *fill*         0x080009c6        0x2 
 .text.DMA_CalcBaseAndBitshift
                0x080009c8       0x3c ./system/src/stm32f4-hal/stm32f4xx_hal_dma.o
 .text.DMA_CheckFifoParam
                0x08000a04       0x8e ./system/src/stm32f4-hal/stm32f4xx_hal_dma.o
 *fill*         0x08000a92        0x2 
 .text.HAL_DMA_Init
                0x08000a94      0x290 ./system/src/stm32f4-hal/stm32f4xx_hal_dma.o
                0x08000a94                HAL_DMA_Init
 .text.HAL_DMA_DeInit
                0x08000d24       0xdc ./system/src/stm32f4-hal/stm32f4xx_hal_dma.o
                0x08000d24                HAL_DMA_DeInit
 .text.HAL_DMA_Start_IT
                0x08000e00       0x98 ./system/src/stm32f4-hal/stm32f4xx_hal_dma.o
                0x08000e00                HAL_DMA_Start_IT
 .text.HAL_DMA_Abort
                0x08000e98       0x92 ./system/src/stm32f4-hal/stm32f4xx_hal_dma.o
                0x08000e98                HAL_DMA_Abort
 *fill*         0x08000f2a        0x2 
 .text.HAL_DMA_IRQHandler
                0x08000f2c      0x1dc ./system/src/stm32f4-hal/stm32f4xx_hal_dma.o
                0x08000f2c                HAL_DMA_IRQHandler
 .text.HAL_GPIO_Init
                0x08001108      0x2c0 ./system/src/stm32f4-hal/stm32f4xx_hal_gpio.o
                0x08001108                HAL_GPIO_Init
 .text.HAL_GPIO_ReadPin
                0x080013c8       0x28 ./system/src/stm32f4-hal/stm32f4xx_hal_gpio.o
                0x080013c8                HAL_GPIO_ReadPin
 .text.HAL_GPIO_WritePin
                0x080013f0       0x38 ./system/src/stm32f4-hal/stm32f4xx_hal_gpio.o
                0x080013f0                HAL_GPIO_WritePin
 .text.HAL_GPIO_EXTI_IRQHandler
                0x08001428       0x1c ./system/src/stm32f4-hal/stm32f4xx_hal_gpio.o
                0x08001428                HAL_GPIO_EXTI_IRQHandler
 .text.I2S_WaitFlagStateUntilTimeout
                0x08001444       0x50 ./system/src/stm32f4-hal/stm32f4xx_hal_i2s.o
 .text.HAL_I2S_MspInit
                0x08001494        0x2 ./system/src/stm32f4-hal/stm32f4xx_hal_i2s.o
                0x08001494                HAL_I2S_MspInit
 *fill*         0x08001496        0x2 
 .text.HAL_I2S_Init
                0x08001498      0x28c ./system/src/stm32f4-hal/stm32f4xx_hal_i2s.o
                0x08001498                HAL_I2S_Init
 .text.HAL_I2S_DMAPause
                0x08001724       0x80 ./system/src/stm32f4-hal/stm32f4xx_hal_i2s.o
                0x08001724                HAL_I2S_DMAPause
 .text.HAL_I2S_DMAResume
                0x080017a4       0xb4 ./system/src/stm32f4-hal/stm32f4xx_hal_i2s.o
                0x080017a4                HAL_I2S_DMAResume
 .text.HAL_I2S_DMAStop
                0x08001858      0x244 ./system/src/stm32f4-hal/stm32f4xx_hal_i2s.o
                0x08001858                HAL_I2S_DMAStop
 .text.HAL_I2S_TxCpltCallback
                0x08001a9c        0x2 ./system/src/stm32f4-hal/stm32f4xx_hal_i2s.o
                0x08001a9c                HAL_I2S_TxCpltCallback
 .text.I2S_Transmit_IT
                0x08001a9e       0x38 ./system/src/stm32f4-hal/stm32f4xx_hal_i2s.o
 .text.HAL_I2S_RxCpltCallback
                0x08001ad6        0x2 ./system/src/stm32f4-hal/stm32f4xx_hal_i2s.o
                0x08001ad6                HAL_I2S_RxCpltCallback
 .text.I2S_Receive_IT
                0x08001ad8       0x38 ./system/src/stm32f4-hal/stm32f4xx_hal_i2s.o
 .text.I2S_IRQHandler
                0x08001b10       0xd0 ./system/src/stm32f4-hal/stm32f4xx_hal_i2s.o
 .text.HAL_I2S_GetState
                0x08001be0        0x6 ./system/src/stm32f4-hal/stm32f4xx_hal_i2s.o
                0x08001be0                HAL_I2S_GetState
 *fill*         0x08001be6        0x2 
 .text.I2SEx_TxRxDMAError
                0x08001be8       0x48 ./system/src/stm32f4-hal/stm32f4xx_hal_i2s_ex.o
 .text.HAL_I2SEx_TransmitReceive_DMA
                0x08001c30      0x1e4 ./system/src/stm32f4-hal/stm32f4xx_hal_i2s_ex.o
                0x08001c30                HAL_I2SEx_TransmitReceive_DMA
 .text.I2SEx_TxRxDMAHalfCplt
                0x08001e14        0xa ./system/src/stm32f4-hal/stm32f4xx_hal_i2s_ex.o
 *fill*         0x08001e1e        0x2 
 .text.I2SEx_TxRxDMACplt
                0x08001e20       0x7c ./system/src/stm32f4-hal/stm32f4xx_hal_i2s_ex.o
 .text.I2SEx_TxISR_I2S
                0x08001e9c       0x3c ./system/src/stm32f4-hal/stm32f4xx_hal_i2s_ex.o
 .text.I2SEx_RxISR_I2SExt
                0x08001ed8       0x64 ./system/src/stm32f4-hal/stm32f4xx_hal_i2s_ex.o
 .text.I2SEx_TxISR_I2SExt
                0x08001f3c       0x64 ./system/src/stm32f4-hal/stm32f4xx_hal_i2s_ex.o
 .text.I2SEx_RxISR_I2S
                0x08001fa0       0x3c ./system/src/stm32f4-hal/stm32f4xx_hal_i2s_ex.o
 .text.HAL_I2SEx_FullDuplex_IRQHandler
                0x08001fdc      0x1d8 ./system/src/stm32f4-hal/stm32f4xx_hal_i2s_ex.o
                0x08001fdc                HAL_I2SEx_FullDuplex_IRQHandler
 .text.HAL_RCC_OscConfig
                0x080021b4      0x500 ./system/src/stm32f4-hal/stm32f4xx_hal_rcc.o
                0x080021b4                HAL_RCC_OscConfig
 .text.HAL_RCC_GetSysClockFreq
                0x080026b4       0xdc ./system/src/stm32f4-hal/stm32f4xx_hal_rcc.o
                0x080026b4                HAL_RCC_GetSysClockFreq
 .text.HAL_RCC_ClockConfig
                0x08002790      0x224 ./system/src/stm32f4-hal/stm32f4xx_hal_rcc.o
                0x08002790                HAL_RCC_ClockConfig
 .text.HAL_RCCEx_PeriphCLKConfig
                0x080029b4      0x2a4 ./system/src/stm32f4-hal/stm32f4xx_hal_rcc_ex.o
                0x080029b4                HAL_RCCEx_PeriphCLKConfig
 .text.HAL_RCCEx_GetPeriphCLKConfig
                0x08002c58       0x30 ./system/src/stm32f4-hal/stm32f4xx_hal_rcc_ex.o
                0x08002c58                HAL_RCCEx_GetPeriphCLKConfig
 .text.HAL_RCCEx_GetPeriphCLKFreq
                0x08002c88       0x74 ./system/src/stm32f4-hal/stm32f4xx_hal_rcc_ex.o
                0x08002c88                HAL_RCCEx_GetPeriphCLKFreq
 .text.SPI_WaitFlagStateUntilTimeout
                0x08002cfc       0xd0 ./system/src/stm32f4-hal/stm32f4xx_hal_spi.o
 .text.SPI_EndRxTxTransaction
                0x08002dcc       0x68 ./system/src/stm32f4-hal/stm32f4xx_hal_spi.o
 .text.HAL_SPI_MspInit
                0x08002e34        0x2 ./system/src/stm32f4-hal/stm32f4xx_hal_spi.o
                0x08002e34                HAL_SPI_MspInit
 *fill*         0x08002e36        0x2 
 .text.HAL_SPI_Init
                0x08002e38      0x2a4 ./system/src/stm32f4-hal/stm32f4xx_hal_spi.o
                0x08002e38                HAL_SPI_Init
 .text.HAL_SPI_MspDeInit
                0x080030dc        0x2 ./system/src/stm32f4-hal/stm32f4xx_hal_spi.o
                0x080030dc                HAL_SPI_MspDeInit
 *fill*         0x080030de        0x2 
 .text.HAL_SPI_DeInit
                0x080030e0       0x58 ./system/src/stm32f4-hal/stm32f4xx_hal_spi.o
                0x080030e0                HAL_SPI_DeInit
 .text.HAL_SPI_Transmit
                0x08003138      0x204 ./system/src/stm32f4-hal/stm32f4xx_hal_spi.o
                0x08003138                HAL_SPI_Transmit
 .text.HAL_SPI_TransmitReceive
                0x0800333c      0x300 ./system/src/stm32f4-hal/stm32f4xx_hal_spi.o
                0x0800333c                HAL_SPI_TransmitReceive
 .text.HAL_SPI_GetState
                0x0800363c        0x6 ./system/src/stm32f4-hal/stm32f4xx_hal_spi.o
                0x0800363c                HAL_SPI_GetState
 *fill*         0x08003642        0x2 
 .text.assert_failed
                0x08003644       0x14 ./system/src/newlib/assert.o
                0x08003644                assert_failed
 .text.abort    0x08003658       0x14 ./system/src/newlib/exit.o
                0x08003658                abort
 .text._sbrk    0x0800366c       0x44 ./system/src/newlib/sbrk.o
                0x0800366c                _sbrk
 .text.findslot
                0x080036b0       0x24 ./system/src/newlib/syscalls.o
 .text.get_errno
                0x080036d4       0x12 ./system/src/newlib/syscalls.o
 .text.error    0x080036e6       0x14 ./system/src/newlib/syscalls.o
 .text.checkerror
                0x080036fa       0x10 ./system/src/newlib/syscalls.o
 *fill*         0x0800370a        0x2 
 .text._exit    0x0800370c       0x20 ./system/src/newlib/syscalls.o
                0x0800370c                _exit
 .text.initialise_monitor_handles
                0x0800372c       0xa8 ./system/src/newlib/syscalls.o
                0x0800372c                initialise_monitor_handles
 .text.__initialize_args
                0x080037d4       0xc0 ./system/src/newlib/syscalls.o
                0x080037d4                __initialize_args
 .text._swiread
                0x08003894       0x20 ./system/src/newlib/syscalls.o
                0x08003894                _swiread
 .text._read    0x080038b4       0x36 ./system/src/newlib/syscalls.o
                0x080038b4                _read
 .text._swilseek
                0x080038ea       0x96 ./system/src/newlib/syscalls.o
                0x080038ea                _swilseek
 .text._lseek   0x08003980        0x8 ./system/src/newlib/syscalls.o
                0x08003980                _lseek
 .text._swiwrite
                0x08003988       0x20 ./system/src/newlib/syscalls.o
                0x08003988                _swiwrite
 .text._write   0x080039a8       0x46 ./system/src/newlib/syscalls.o
                0x080039a8                _write
 .text._swiclose
                0x080039ee       0x1c ./system/src/newlib/syscalls.o
                0x080039ee                _swiclose
 *fill*         0x08003a0a        0x2 
 .text._close   0x08003a0c       0x48 ./system/src/newlib/syscalls.o
                0x08003a0c                _close
 .text._swistat
                0x08003a54       0x44 ./system/src/newlib/syscalls.o
                0x08003a54                _swistat
 .text._fstat   0x08003a98       0x1a ./system/src/newlib/syscalls.o
                0x08003a98                _fstat
 .text._isatty  0x08003ab2       0x36 ./system/src/newlib/syscalls.o
                0x08003ab2                _isatty
 .text._trace_write_semihosting_stdout
                0x08003ae8       0x68 ./system/src/diag/trace-impl.o
 .text.trace_write
                0x08003b50        0x8 ./system/src/diag/trace-impl.o
                0x08003b50                trace_write
 .text.trace_printf
                0x08003b58       0x34 ./system/src/diag/trace.o
                0x08003b58                trace_printf
 .text.trace_puts
                0x08003b8c       0x20 ./system/src/diag/trace.o
                0x08003b8c                trace_puts
 .text.__NVIC_SystemReset
                0x08003bac       0x24 ./system/src/cortexm/exception-handlers.o
 .text.dumpExceptionStack
                0x08003bd0       0xf4 ./system/src/cortexm/exception-handlers.o
                0x08003bd0                dumpExceptionStack
 .text.isSemihosting
                0x08003cc4       0xe0 ./system/src/cortexm/exception-handlers.o
                0x08003cc4                isSemihosting
 .text.__initialize_hardware_early
                0x08003da4       0x24 ./system/src/cortexm/initialize-hardware.o
                0x08003da4                __initialize_hardware_early
 .text.arm_biquad_cascade_df1_f32
                0x08003dc8       0x9a ./system/src/cmsis/dsp/FilteringFunctions/FilteringFunctions.o
                0x08003dc8                arm_biquad_cascade_df1_f32
 .text.arm_biquad_cascade_df1_init_f32
                0x08003e62       0x18 ./system/src/cmsis/dsp/FilteringFunctions/FilteringFunctions.o
                0x08003e62                arm_biquad_cascade_df1_init_f32
 *fill*         0x08003e7a        0x2 
 .text.SystemInit
                0x08003e7c       0x1c ./system/src/cmsis/system_stm32f4xx.o
                0x08003e7c                SystemInit
 .text.wm5102_Log2PowerOfTwo
                0x08003e98       0x34 ./system/src/Components/wm5102/wm5102.o
 .text.CODEC_IO_Write
                0x08003ecc        0xa ./system/src/Components/wm5102/wm5102.o
 .text.wm5102_ApplyWolfsonPatch
                0x08003ed6       0xec ./system/src/Components/wm5102/wm5102.o
 *fill*         0x08003fc2        0x2 
 .text.wm5102_ConfigureSYSCLK
                0x08003fc4      0x16c ./system/src/Components/wm5102/wm5102.o
 .text.wm5102_ConfigureSampleRate
                0x08004130       0x48 ./system/src/Components/wm5102/wm5102.o
 .text.wm5102_SetFrequency
                0x08004178        0xa ./system/src/Components/wm5102/wm5102.o
                0x08004178                wm5102_SetFrequency
 .text.wm5102_ConfigureI2S
                0x08004182       0x9c ./system/src/Components/wm5102/wm5102.o
 .text.wm5102_SetMute
                0x0800421e       0x8e ./system/src/Components/wm5102/wm5102.o
                0x0800421e                wm5102_SetMute
 .text.wm5102_Play
                0x080042ac        0xa ./system/src/Components/wm5102/wm5102.o
                0x080042ac                wm5102_Play
 .text.wm5102_Pause
                0x080042b6        0xa ./system/src/Components/wm5102/wm5102.o
                0x080042b6                wm5102_Pause
 .text.wm5102_Resume
                0x080042c0        0xa ./system/src/Components/wm5102/wm5102.o
                0x080042c0                wm5102_Resume
 .text.wm5102_Stop
                0x080042ca        0xa ./system/src/Components/wm5102/wm5102.o
                0x080042ca                wm5102_Stop
 .text.wm5102_SetVolume
                0x080042d4       0xcc ./system/src/Components/wm5102/wm5102.o
                0x080042d4                wm5102_SetVolume
 .text.wm5102_SetOutputMode
                0x080043a0      0x160 ./system/src/Components/wm5102/wm5102.o
                0x080043a0                wm5102_SetOutputMode
 .text.wm5102_Reset
                0x08004500        0xe ./system/src/Components/wm5102/wm5102.o
                0x08004500                wm5102_Reset
 .text.wm5102_DeInit
                0x0800450e        0x8 ./system/src/Components/wm5102/wm5102.o
                0x0800450e                wm5102_DeInit
 .text.wm5102_ReadID
                0x08004516       0x12 ./system/src/Components/wm5102/wm5102.o
                0x08004516                wm5102_ReadID
 .text.CODEC_IO_Read
                0x08004528        0xa ./system/src/Components/wm5102/wm5102.o
 .text.wm5102_GetInsertionPoint
                0x08004532       0xc4 ./system/src/Components/wm5102/wm5102.o
 .text.wm5102_SetInputMode
                0x080045f6      0x1f0 ./system/src/Components/wm5102/wm5102.o
                0x080045f6                wm5102_SetInputMode
 .text.wm5102_Init
                0x080047e6       0x8a ./system/src/Components/wm5102/wm5102.o
                0x080047e6                wm5102_Init
 .text.wm5102_SetFilter
                0x08004870       0xd4 ./system/src/Components/wm5102/wm5102.o
                0x08004870                wm5102_SetFilter
 .text.wm5102_SetEqualizer
                0x08004944      0x19c ./system/src/Components/wm5102/wm5102.o
                0x08004944                wm5102_SetEqualizer
 .text.LIS3DSH_DeInit
                0x08004ae0        0x2 ./system/src/Components/lis3dsh/lis3dsh.o
                0x08004ae0                LIS3DSH_DeInit
 .text.LIS3DSH_Init
                0x08004ae2       0x36 ./system/src/Components/lis3dsh/lis3dsh.o
                0x08004ae2                LIS3DSH_Init
 .text.LIS3DSH_ReadID
                0x08004b18       0x24 ./system/src/Components/lis3dsh/lis3dsh.o
                0x08004b18                LIS3DSH_ReadID
 .text.LIS3DSH_RebootCmd
                0x08004b3c       0x2e ./system/src/Components/lis3dsh/lis3dsh.o
                0x08004b3c                LIS3DSH_RebootCmd
 *fill*         0x08004b6a        0x2 
 .text.LIS3DSH_ReadACC
                0x08004b6c       0xf4 ./system/src/Components/lis3dsh/lis3dsh.o
                0x08004b6c                LIS3DSH_ReadACC
 .text.LIS3DSH_InterruptConfig
                0x08004c60       0x56 ./system/src/Components/lis3dsh/lis3dsh.o
                0x08004c60                LIS3DSH_InterruptConfig
 .text.LIS3DSH_Click_IntConfig
                0x08004cb6       0xec ./system/src/Components/lis3dsh/lis3dsh.o
                0x08004cb6                LIS3DSH_Click_IntConfig
 .text.LIS302DL_DeInit
                0x08004da2        0x2 ./system/src/Components/lis302dl/lis302dl.o
                0x08004da2                LIS302DL_DeInit
 .text.LIS302DL_Init
                0x08004da4       0x24 ./system/src/Components/lis302dl/lis302dl.o
                0x08004da4                LIS302DL_Init
 .text.LIS302DL_ReadID
                0x08004dc8       0x24 ./system/src/Components/lis302dl/lis302dl.o
                0x08004dc8                LIS302DL_ReadID
 .text.LIS302DL_FilterConfig
                0x08004dec       0x3a ./system/src/Components/lis302dl/lis302dl.o
                0x08004dec                LIS302DL_FilterConfig
 .text.LIS302DL_Click_IntClear
                0x08004e26       0x26 ./system/src/Components/lis302dl/lis302dl.o
                0x08004e26                LIS302DL_Click_IntClear
 .text.LIS302DL_RebootCmd
                0x08004e4c       0x2e ./system/src/Components/lis302dl/lis302dl.o
                0x08004e4c                LIS302DL_RebootCmd
 .text.LIS302DL_ReadACC
                0x08004e7a       0x68 ./system/src/Components/lis302dl/lis302dl.o
                0x08004e7a                LIS302DL_ReadACC
 .text.LIS302DL_InterruptConfig
                0x08004ee2       0x36 ./system/src/Components/lis302dl/lis302dl.o
                0x08004ee2                LIS302DL_InterruptConfig
 .text.LIS302DL_Click_IntConfig
                0x08004f18       0xb8 ./system/src/Components/lis302dl/lis302dl.o
                0x08004f18                LIS302DL_Click_IntConfig
 .text.configure_system_clock
                0x08004fd0       0x84 ./src/_initialize_hardware.o
                0x08004fd0                configure_system_clock
 .text.__initialize_hardware
                0x08005054       0x28 ./src/_initialize_hardware.o
                0x08005054                __initialize_hardware
 .text.DWT_Enable
                0x0800507c       0x3c ./src/dwt.o
                0x0800507c                DWT_Enable
 .text.main     0x080050b8      0x1ec ./src/main.o
                0x080050b8                main
 .text.WOLFSON_PI_AUDIO_TransferComplete_CallBack
                0x080052a4        0xc ./src/main.o
                0x080052a4                WOLFSON_PI_AUDIO_TransferComplete_CallBack
 .text.WOLFSON_PI_AUDIO_HalfTransfer_CallBack
                0x080052b0        0xc ./src/main.o
                0x080052b0                WOLFSON_PI_AUDIO_HalfTransfer_CallBack
 .text.EXTI0_IRQHandler
                0x080052bc        0xa ./src/stm32f4xx_it.o
                0x080052bc                EXTI0_IRQHandler
 *fill*         0x080052c6        0x2 
 .text.DMA1_Stream0_IRQHandler
                0x080052c8       0x10 ./src/stm32f4xx_it.o
                0x080052c8                DMA1_Stream0_IRQHandler
 .text.DMA1_Stream5_IRQHandler
                0x080052d8       0x10 ./src/stm32f4xx_it.o
                0x080052d8                DMA1_Stream5_IRQHandler
 .text.NMI_Handler
                0x080052e8        0x2 ./src/stm32f4xx_it.o
                0x080052e8                NMI_Handler
 .text.HardFault_Handler
                0x080052ea        0x2 ./src/stm32f4xx_it.o
                0x080052ea                HardFault_Handler
 .text.MemManage_Handler
                0x080052ec        0x2 ./src/stm32f4xx_it.o
                0x080052ec                MemManage_Handler
 .text.BusFault_Handler
                0x080052ee        0x2 ./src/stm32f4xx_it.o
                0x080052ee                BusFault_Handler
 .text.UsageFault_Handler
                0x080052f0        0x2 ./src/stm32f4xx_it.o
                0x080052f0                UsageFault_Handler
 .text.SVC_Handler
                0x080052f2        0x2 ./src/stm32f4xx_it.o
                0x080052f2                SVC_Handler
 .text.DebugMon_Handler
                0x080052f4        0x2 ./src/stm32f4xx_it.o
                0x080052f4                DebugMon_Handler
 .text.PendSV_Handler
                0x080052f6        0x2 ./src/stm32f4xx_it.o
                0x080052f6                PendSV_Handler
 .text.SysTick_Handler
                0x080052f8        0xc ./src/stm32f4xx_it.o
                0x080052f8                SysTick_Handler
 .text.TEST_GetEQGains
                0x08005304       0x5c ./src/tests.o
 .text.TEST_Init
                0x08005360        0xc ./src/tests.o
                0x08005360                TEST_Init
 .text.TEST_Main
                0x0800536c      0x178 ./src/tests.o
                0x0800536c                TEST_Main
 .text.HAL_GPIO_EXTI_Callback
                0x080054e4       0xcc ./src/tests.o
                0x080054e4                HAL_GPIO_EXTI_Callback
 .text.utilsConsumeNonNumeric
                0x080055b0       0x28 ./src/utils.o
                0x080055b0                utilsConsumeNonNumeric
 .text.utilsGetOption
                0x080055d8       0x94 ./src/utils.o
                0x080055d8                utilsGetOption
 .text.SPIx_Msp_Init
                0x0800566c       0xb0 ./src/wolfson_pi_audio.o
 .text.I2Sx_Msp_Init
                0x0800571c      0x1b0 ./src/wolfson_pi_audio.o
 .text.I2Sx_Init
                0x080058cc       0x54 ./src/wolfson_pi_audio.o
 .text.SPIx_Init
                0x08005920       0x44 ./src/wolfson_pi_audio.o
 .text.SPIx_Error
                0x08005964       0x14 ./src/wolfson_pi_audio.o
 .text.SPIx_WriteData
                0x08005978       0x5c ./src/wolfson_pi_audio.o
 .text.SPIx_ReadData
                0x080059d4       0x64 ./src/wolfson_pi_audio.o
 .text.WOLFSON_PI_AUDIO_Init
                0x08005a38       0xb0 ./src/wolfson_pi_audio.o
                0x08005a38                WOLFSON_PI_AUDIO_Init
 .text.WOLFSON_PI_AUDIO_Play
                0x08005ae8       0x38 ./src/wolfson_pi_audio.o
                0x08005ae8                WOLFSON_PI_AUDIO_Play
 .text.WOLFSON_PI_AUDIO_Pause
                0x08005b20       0x28 ./src/wolfson_pi_audio.o
                0x08005b20                WOLFSON_PI_AUDIO_Pause
 .text.WOLFSON_PI_AUDIO_Resume
                0x08005b48       0x28 ./src/wolfson_pi_audio.o
                0x08005b48                WOLFSON_PI_AUDIO_Resume
 .text.WOLFSON_PI_AUDIO_Stop
                0x08005b70       0x44 ./src/wolfson_pi_audio.o
                0x08005b70                WOLFSON_PI_AUDIO_Stop
 .text.WOLFSON_PI_AUDIO_SetVolume
                0x08005bb4       0x14 ./src/wolfson_pi_audio.o
                0x08005bb4                WOLFSON_PI_AUDIO_SetVolume
 .text.WOLFSON_PI_AUDIO_SetMute
                0x08005bc8       0x14 ./src/wolfson_pi_audio.o
                0x08005bc8                WOLFSON_PI_AUDIO_SetMute
 .text.WOLFSON_PI_AUDIO_SetFilter
                0x08005bdc       0x18 ./src/wolfson_pi_audio.o
                0x08005bdc                WOLFSON_PI_AUDIO_SetFilter
 .text.WOLFSON_PI_AUDIO_SetEqualizer
                0x08005bf4       0x1e ./src/wolfson_pi_audio.o
                0x08005bf4                WOLFSON_PI_AUDIO_SetEqualizer
 *fill*         0x08005c12        0x2 
 .text.WOLFSON_PI_AUDIO_SetInputMode
                0x08005c14       0x14 ./src/wolfson_pi_audio.o
                0x08005c14                WOLFSON_PI_AUDIO_SetInputMode
 .text.WOLFSON_PI_AUDIO_SetFrequency
                0x08005c28       0x8c ./src/wolfson_pi_audio.o
                0x08005c28                WOLFSON_PI_AUDIO_SetFrequency
 .text.HAL_I2SEx_TxRxCpltCallback
                0x08005cb4       0x18 ./src/wolfson_pi_audio.o
                0x08005cb4                HAL_I2SEx_TxRxCpltCallback
 .text.HAL_I2SEx_TxRxHalfCpltCallback
                0x08005ccc       0x18 ./src/wolfson_pi_audio.o
                0x08005ccc                HAL_I2SEx_TxRxHalfCpltCallback
 .text.WOLFSON_PI_AUDIO_Error_CallBack
                0x08005ce4        0x2 ./src/wolfson_pi_audio.o
                0x08005ce4                WOLFSON_PI_AUDIO_Error_CallBack
 *fill*         0x08005ce6        0x2 
 .text.HAL_I2S_ErrorCallback
                0x08005ce8       0x18 ./src/wolfson_pi_audio.o
                0x08005ce8                HAL_I2S_ErrorCallback
 .text.EXTERNAL_AUDIO_IO_Init
                0x08005d00       0x8c ./src/wolfson_pi_audio.o
                0x08005d00                EXTERNAL_AUDIO_IO_Init
 .text.EXTERNAL_AUDIO_IO_DeInit
                0x08005d8c        0x2 ./src/wolfson_pi_audio.o
                0x08005d8c                EXTERNAL_AUDIO_IO_DeInit
 .text.EXTERNAL_AUDIO_IO_Write
                0x08005d8e        0xc ./src/wolfson_pi_audio.o
                0x08005d8e                EXTERNAL_AUDIO_IO_Write
 .text.EXTERNAL_AUDIO_IO_Read
                0x08005d9a        0xa ./src/wolfson_pi_audio.o
                0x08005d9a                EXTERNAL_AUDIO_IO_Read
 .text.EXTERNAL_AUDIO_IO_Delay
                0x08005da4        0x8 ./src/wolfson_pi_audio.o
                0x08005da4                EXTERNAL_AUDIO_IO_Delay
 .text          0x08005dac      0x378 C:/Users/lucas/AppData/Roaming/xPacks/xpack-arm-none-eabi-gcc-14.2.1-1.1/bin/../lib/gcc/arm-none-eabi/14.2.1/thumb/v7e-m+fp/hard\libgcc.a(_arm_addsubdf3.o)
                0x08005dac                __aeabi_drsub
                0x08005db4                __aeabi_dsub
                0x08005db4                __subdf3
                0x08005db8                __aeabi_dadd
                0x08005db8                __adddf3
                0x08006030                __floatunsidf
                0x08006030                __aeabi_ui2d
                0x08006050                __floatsidf
                0x08006050                __aeabi_i2d
                0x08006074                __aeabi_f2d
                0x08006074                __extendsfdf2
                0x080060b8                __floatundidf
                0x080060b8                __aeabi_ul2d
                0x080060c8                __floatdidf
                0x080060c8                __aeabi_l2d
 .text          0x08006124      0x424 C:/Users/lucas/AppData/Roaming/xPacks/xpack-arm-none-eabi-gcc-14.2.1-1.1/bin/../lib/gcc/arm-none-eabi/14.2.1/thumb/v7e-m+fp/hard\libgcc.a(_arm_muldivdf3.o)
                0x08006124                __aeabi_dmul
                0x08006124                __muldf3
                0x08006378                __divdf3
                0x08006378                __aeabi_ddiv
 .text          0x08006548       0x50 C:/Users/lucas/AppData/Roaming/xPacks/xpack-arm-none-eabi-gcc-14.2.1-1.1/bin/../lib/gcc/arm-none-eabi/14.2.1/thumb/v7e-m+fp/hard\libgcc.a(_arm_fixdfsi.o)
                0x08006548                __aeabi_d2iz
                0x08006548                __fixdfsi
 .text          0x08006598       0xa0 C:/Users/lucas/AppData/Roaming/xPacks/xpack-arm-none-eabi-gcc-14.2.1-1.1/bin/../lib/gcc/arm-none-eabi/14.2.1/thumb/v7e-m+fp/hard\libgcc.a(_arm_truncdfsf2.o)
                0x08006598                __truncdfsf2
                0x08006598                __aeabi_d2f
 .text          0x08006638       0x30 C:/Users/lucas/AppData/Roaming/xPacks/xpack-arm-none-eabi-gcc-14.2.1-1.1/bin/../lib/gcc/arm-none-eabi/14.2.1/thumb/v7e-m+fp/hard\libgcc.a(_aeabi_uldivmod.o)
                0x08006638                __aeabi_uldivmod
 .text.__udivmoddi4
                0x08006668      0x2f8 C:/Users/lucas/AppData/Roaming/xPacks/xpack-arm-none-eabi-gcc-14.2.1-1.1/bin/../lib/gcc/arm-none-eabi/14.2.1/thumb/v7e-m+fp/hard\libgcc.a(_udivmoddi4.o)
                0x08006668                __udivmoddi4
 .text          0x08006960        0x4 C:/Users/lucas/AppData/Roaming/xPacks/xpack-arm-none-eabi-gcc-14.2.1-1.1/bin/../lib/gcc/arm-none-eabi/14.2.1/thumb/v7e-m+fp/hard\libgcc.a(_dvmd_tls.o)
                0x08006960                __aeabi_idiv0
                0x08006960                __aeabi_ldiv0
 .text.getchar  0x08006964       0x10 C:/Users/lucas/AppData/Roaming/xPacks/xpack-arm-none-eabi-gcc-14.2.1-1.1/bin/../lib/gcc/arm-none-eabi/14.2.1/../../../../arm-none-eabi/lib/thumb/v7e-m+fp/hard\libg_nano.a(libc_a-getchar.o)
                0x08006964                getchar
 .text.scanf    0x08006974       0x24 C:/Users/lucas/AppData/Roaming/xPacks/xpack-arm-none-eabi-gcc-14.2.1-1.1/bin/../lib/gcc/arm-none-eabi/14.2.1/../../../../arm-none-eabi/lib/thumb/v7e-m+fp/hard\libg_nano.a(libc_a-scanf.o)
                0x08006974                scanf
                0x08006974                iscanf
 .text.__submore
                0x08006998       0x74 C:/Users/lucas/AppData/Roaming/xPacks/xpack-arm-none-eabi-gcc-14.2.1-1.1/bin/../lib/gcc/arm-none-eabi/14.2.1/../../../../arm-none-eabi/lib/thumb/v7e-m+fp/hard\libg_nano.a(libc_a-ungetc.o)
                0x08006998                __submore
 .text._ungetc_r
                0x08006a0c      0x102 C:/Users/lucas/AppData/Roaming/xPacks/xpack-arm-none-eabi-gcc-14.2.1-1.1/bin/../lib/gcc/arm-none-eabi/14.2.1/../../../../arm-none-eabi/lib/thumb/v7e-m+fp/hard\libg_nano.a(libc_a-ungetc.o)
                0x08006a0c                _ungetc_r
 *fill*         0x08006b0e        0x2 
 .text.ungetc   0x08006b10       0x10 C:/Users/lucas/AppData/Roaming/xPacks/xpack-arm-none-eabi-gcc-14.2.1-1.1/bin/../lib/gcc/arm-none-eabi/14.2.1/../../../../arm-none-eabi/lib/thumb/v7e-m+fp/hard\libg_nano.a(libc_a-ungetc.o)
                0x08006b10                ungetc
 .text._vsnprintf_r
                0x08006b20       0x5c C:/Users/lucas/AppData/Roaming/xPacks/xpack-arm-none-eabi-gcc-14.2.1-1.1/bin/../lib/gcc/arm-none-eabi/14.2.1/../../../../arm-none-eabi/lib/thumb/v7e-m+fp/hard\libg_nano.a(libc_a-vsnprintf.o)
                0x08006b20                _vsniprintf_r
                0x08006b20                _vsnprintf_r
 .text.vsnprintf
                0x08006b7c       0x1c C:/Users/lucas/AppData/Roaming/xPacks/xpack-arm-none-eabi-gcc-14.2.1-1.1/bin/../lib/gcc/arm-none-eabi/14.2.1/../../../../arm-none-eabi/lib/thumb/v7e-m+fp/hard\libg_nano.a(libc_a-vsnprintf.o)
                0x08006b7c                vsniprintf
                0x08006b7c                vsnprintf
 .text.memset   0x08006b98       0x10 C:/Users/lucas/AppData/Roaming/xPacks/xpack-arm-none-eabi-gcc-14.2.1-1.1/bin/../lib/gcc/arm-none-eabi/14.2.1/../../../../arm-none-eabi/lib/thumb/v7e-m+fp/hard\libg_nano.a(libc_a-memset.o)
                0x08006b98                memset
 .text.__errno  0x08006ba8        0xc C:/Users/lucas/AppData/Roaming/xPacks/xpack-arm-none-eabi-gcc-14.2.1-1.1/bin/../lib/gcc/arm-none-eabi/14.2.1/../../../../arm-none-eabi/lib/thumb/v7e-m+fp/hard\libg_nano.a(libc_a-errno.o)
                0x08006ba8                __errno
 .text.__retarget_lock_init_recursive
                0x08006bb4        0x2 C:/Users/lucas/AppData/Roaming/xPacks/xpack-arm-none-eabi-gcc-14.2.1-1.1/bin/../lib/gcc/arm-none-eabi/14.2.1/../../../../arm-none-eabi/lib/thumb/v7e-m+fp/hard\libg_nano.a(libc_a-lock.o)
                0x08006bb4                __retarget_lock_init_recursive
 .text.__retarget_lock_acquire_recursive
                0x08006bb6        0x2 C:/Users/lucas/AppData/Roaming/xPacks/xpack-arm-none-eabi-gcc-14.2.1-1.1/bin/../lib/gcc/arm-none-eabi/14.2.1/../../../../arm-none-eabi/lib/thumb/v7e-m+fp/hard\libg_nano.a(libc_a-lock.o)
                0x08006bb6                __retarget_lock_acquire_recursive
 .text.__retarget_lock_release_recursive
                0x08006bb8        0x2 C:/Users/lucas/AppData/Roaming/xPacks/xpack-arm-none-eabi-gcc-14.2.1-1.1/bin/../lib/gcc/arm-none-eabi/14.2.1/../../../../arm-none-eabi/lib/thumb/v7e-m+fp/hard\libg_nano.a(libc_a-lock.o)
                0x08006bb8                __retarget_lock_release_recursive
 .text          0x08006bba       0x14 C:/Users/lucas/AppData/Roaming/xPacks/xpack-arm-none-eabi-gcc-14.2.1-1.1/bin/../lib/gcc/arm-none-eabi/14.2.1/../../../../arm-none-eabi/lib/thumb/v7e-m+fp/hard\libg_nano.a(libc_a-strcmp.o)
                0x08006bba                strcmp
 .text.memcpy   0x08006bce       0x1c C:/Users/lucas/AppData/Roaming/xPacks/xpack-arm-none-eabi-gcc-14.2.1-1.1/bin/../lib/gcc/arm-none-eabi/14.2.1/../../../../arm-none-eabi/lib/thumb/v7e-m+fp/hard\libg_nano.a(libc_a-memcpy-stub.o)
                0x08006bce                memcpy
 .text          0x08006bea       0x10 C:/Users/lucas/AppData/Roaming/xPacks/xpack-arm-none-eabi-gcc-14.2.1-1.1/bin/../lib/gcc/arm-none-eabi/14.2.1/../../../../arm-none-eabi/lib/thumb/v7e-m+fp/hard\libg_nano.a(libc_a-strlen.o)
                0x08006bea                strlen
 *fill*         0x08006bfa        0x2 
 .text.sbrk_aligned
                0x08006bfc       0x44 C:/Users/lucas/AppData/Roaming/xPacks/xpack-arm-none-eabi-gcc-14.2.1-1.1/bin/../lib/gcc/arm-none-eabi/14.2.1/../../../../arm-none-eabi/lib/thumb/v7e-m+fp/hard\libg_nano.a(libc_a-mallocr.o)
 .text._malloc_r
                0x08006c40      0x100 C:/Users/lucas/AppData/Roaming/xPacks/xpack-arm-none-eabi-gcc-14.2.1-1.1/bin/../lib/gcc/arm-none-eabi/14.2.1/../../../../arm-none-eabi/lib/thumb/v7e-m+fp/hard\libg_nano.a(libc_a-mallocr.o)
                0x08006c40                _malloc_r
 .text.__malloc_lock
                0x08006d40        0xc C:/Users/lucas/AppData/Roaming/xPacks/xpack-arm-none-eabi-gcc-14.2.1-1.1/bin/../lib/gcc/arm-none-eabi/14.2.1/../../../../arm-none-eabi/lib/thumb/v7e-m+fp/hard\libg_nano.a(libc_a-mlock.o)
                0x08006d40                __malloc_lock
 .text.__malloc_unlock
                0x08006d4c        0xc C:/Users/lucas/AppData/Roaming/xPacks/xpack-arm-none-eabi-gcc-14.2.1-1.1/bin/../lib/gcc/arm-none-eabi/14.2.1/../../../../arm-none-eabi/lib/thumb/v7e-m+fp/hard\libg_nano.a(libc_a-mlock.o)
                0x08006d4c                __malloc_unlock
 .text._realloc_r
                0x08006d58       0x5c C:/Users/lucas/AppData/Roaming/xPacks/xpack-arm-none-eabi-gcc-14.2.1-1.1/bin/../lib/gcc/arm-none-eabi/14.2.1/../../../../arm-none-eabi/lib/thumb/v7e-m+fp/hard\libg_nano.a(libc_a-reallocr.o)
                0x08006d58                _realloc_r
 .text.__ssputs_r
                0x08006db4       0xc0 C:/Users/lucas/AppData/Roaming/xPacks/xpack-arm-none-eabi-gcc-14.2.1-1.1/bin/../lib/gcc/arm-none-eabi/14.2.1/../../../../arm-none-eabi/lib/thumb/v7e-m+fp/hard\libg_nano.a(libc_a-nano-svfprintf.o)
                0x08006db4                __ssputs_r
 .text._svfprintf_r
                0x08006e74      0x1f8 C:/Users/lucas/AppData/Roaming/xPacks/xpack-arm-none-eabi-gcc-14.2.1-1.1/bin/../lib/gcc/arm-none-eabi/14.2.1/../../../../arm-none-eabi/lib/thumb/v7e-m+fp/hard\libg_nano.a(libc_a-nano-svfprintf.o)
                0x08006e74                _svfiprintf_r
                0x08006e74                _svfprintf_r
 .text._printf_common
                0x0800706c       0xda C:/Users/lucas/AppData/Roaming/xPacks/xpack-arm-none-eabi-gcc-14.2.1-1.1/bin/../lib/gcc/arm-none-eabi/14.2.1/../../../../arm-none-eabi/lib/thumb/v7e-m+fp/hard\libg_nano.a(libc_a-nano-vfprintf_i.o)
                0x0800706c                _printf_common
 *fill*         0x08007146        0x2 
 .text._printf_i
                0x08007148      0x240 C:/Users/lucas/AppData/Roaming/xPacks/xpack-arm-none-eabi-gcc-14.2.1-1.1/bin/../lib/gcc/arm-none-eabi/14.2.1/../../../../arm-none-eabi/lib/thumb/v7e-m+fp/hard\libg_nano.a(libc_a-nano-vfprintf_i.o)
                0x08007148                _printf_i
 .text.__svfscanf_r
                0x08007388      0x354 C:/Users/lucas/AppData/Roaming/xPacks/xpack-arm-none-eabi-gcc-14.2.1-1.1/bin/../lib/gcc/arm-none-eabi/14.2.1/../../../../arm-none-eabi/lib/thumb/v7e-m+fp/hard\libg_nano.a(libc_a-nano-vfscanf.o)
                0x08007388                __svfscanf_r
                0x08007388                __svfiscanf_r
 .text._vfscanf_r
                0x080076dc       0x26 C:/Users/lucas/AppData/Roaming/xPacks/xpack-arm-none-eabi-gcc-14.2.1-1.1/bin/../lib/gcc/arm-none-eabi/14.2.1/../../../../arm-none-eabi/lib/thumb/v7e-m+fp/hard\libg_nano.a(libc_a-nano-vfscanf.o)
                0x080076dc                _vfscanf_r
                0x080076dc                _vfiscanf_r
 *fill*         0x08007702        0x2 
 .text._scanf_chars
                0x08007704       0xb4 C:/Users/lucas/AppData/Roaming/xPacks/xpack-arm-none-eabi-gcc-14.2.1-1.1/bin/../lib/gcc/arm-none-eabi/14.2.1/../../../../arm-none-eabi/lib/thumb/v7e-m+fp/hard\libg_nano.a(libc_a-nano-vfscanf_i.o)
                0x08007704                _scanf_chars
 .text._scanf_i
                0x080077b8      0x1e4 C:/Users/lucas/AppData/Roaming/xPacks/xpack-arm-none-eabi-gcc-14.2.1-1.1/bin/../lib/gcc/arm-none-eabi/14.2.1/../../../../arm-none-eabi/lib/thumb/v7e-m+fp/hard\libg_nano.a(libc_a-nano-vfscanf_i.o)
                0x080077b8                _scanf_i
 .text.__sflush_r
                0x0800799c      0x104 C:/Users/lucas/AppData/Roaming/xPacks/xpack-arm-none-eabi-gcc-14.2.1-1.1/bin/../lib/gcc/arm-none-eabi/14.2.1/../../../../arm-none-eabi/lib/thumb/v7e-m+fp/hard\libg_nano.a(libc_a-fflush.o)
                0x0800799c                __sflush_r
 .text._fflush_r
                0x08007aa0       0x50 C:/Users/lucas/AppData/Roaming/xPacks/xpack-arm-none-eabi-gcc-14.2.1-1.1/bin/../lib/gcc/arm-none-eabi/14.2.1/../../../../arm-none-eabi/lib/thumb/v7e-m+fp/hard\libg_nano.a(libc_a-fflush.o)
                0x08007aa0                _fflush_r
 .text.std      0x08007af0       0x6c C:/Users/lucas/AppData/Roaming/xPacks/xpack-arm-none-eabi-gcc-14.2.1-1.1/bin/../lib/gcc/arm-none-eabi/14.2.1/../../../../arm-none-eabi/lib/thumb/v7e-m+fp/hard\libg_nano.a(libc_a-findfp.o)
 .text.stdio_exit_handler
                0x08007b5c       0x18 C:/Users/lucas/AppData/Roaming/xPacks/xpack-arm-none-eabi-gcc-14.2.1-1.1/bin/../lib/gcc/arm-none-eabi/14.2.1/../../../../arm-none-eabi/lib/thumb/v7e-m+fp/hard\libg_nano.a(libc_a-findfp.o)
 .text.cleanup_stdio
                0x08007b74       0x40 C:/Users/lucas/AppData/Roaming/xPacks/xpack-arm-none-eabi-gcc-14.2.1-1.1/bin/../lib/gcc/arm-none-eabi/14.2.1/../../../../arm-none-eabi/lib/thumb/v7e-m+fp/hard\libg_nano.a(libc_a-findfp.o)
 .text.global_stdio_init.part.0
                0x08007bb4       0x40 C:/Users/lucas/AppData/Roaming/xPacks/xpack-arm-none-eabi-gcc-14.2.1-1.1/bin/../lib/gcc/arm-none-eabi/14.2.1/../../../../arm-none-eabi/lib/thumb/v7e-m+fp/hard\libg_nano.a(libc_a-findfp.o)
 .text.__sfp_lock_acquire
                0x08007bf4        0xc C:/Users/lucas/AppData/Roaming/xPacks/xpack-arm-none-eabi-gcc-14.2.1-1.1/bin/../lib/gcc/arm-none-eabi/14.2.1/../../../../arm-none-eabi/lib/thumb/v7e-m+fp/hard\libg_nano.a(libc_a-findfp.o)
                0x08007bf4                __sfp_lock_acquire
 .text.__sfp_lock_release
                0x08007c00        0xc C:/Users/lucas/AppData/Roaming/xPacks/xpack-arm-none-eabi-gcc-14.2.1-1.1/bin/../lib/gcc/arm-none-eabi/14.2.1/../../../../arm-none-eabi/lib/thumb/v7e-m+fp/hard\libg_nano.a(libc_a-findfp.o)
                0x08007c00                __sfp_lock_release
 .text.__sinit  0x08007c0c       0x30 C:/Users/lucas/AppData/Roaming/xPacks/xpack-arm-none-eabi-gcc-14.2.1-1.1/bin/../lib/gcc/arm-none-eabi/14.2.1/../../../../arm-none-eabi/lib/thumb/v7e-m+fp/hard\libg_nano.a(libc_a-findfp.o)
                0x08007c0c                __sinit
 .text._fwalk_sglue
                0x08007c3c       0x3c C:/Users/lucas/AppData/Roaming/xPacks/xpack-arm-none-eabi-gcc-14.2.1-1.1/bin/../lib/gcc/arm-none-eabi/14.2.1/../../../../arm-none-eabi/lib/thumb/v7e-m+fp/hard\libg_nano.a(libc_a-fwalk.o)
                0x08007c3c                _fwalk_sglue
 .text._getc_r  0x08007c78       0x56 C:/Users/lucas/AppData/Roaming/xPacks/xpack-arm-none-eabi-gcc-14.2.1-1.1/bin/../lib/gcc/arm-none-eabi/14.2.1/../../../../arm-none-eabi/lib/thumb/v7e-m+fp/hard\libg_nano.a(libc_a-getc.o)
                0x08007c78                _getc_r
 *fill*         0x08007cce        0x2 
 .text.lflush   0x08007cd0       0x1c C:/Users/lucas/AppData/Roaming/xPacks/xpack-arm-none-eabi-gcc-14.2.1-1.1/bin/../lib/gcc/arm-none-eabi/14.2.1/../../../../arm-none-eabi/lib/thumb/v7e-m+fp/hard\libg_nano.a(libc_a-refill.o)
 .text.__srefill_r
                0x08007cec       0xe4 C:/Users/lucas/AppData/Roaming/xPacks/xpack-arm-none-eabi-gcc-14.2.1-1.1/bin/../lib/gcc/arm-none-eabi/14.2.1/../../../../arm-none-eabi/lib/thumb/v7e-m+fp/hard\libg_nano.a(libc_a-refill.o)
                0x08007cec                __srefill_r
 .text.__srget_r
                0x08007dd0       0x30 C:/Users/lucas/AppData/Roaming/xPacks/xpack-arm-none-eabi-gcc-14.2.1-1.1/bin/../lib/gcc/arm-none-eabi/14.2.1/../../../../arm-none-eabi/lib/thumb/v7e-m+fp/hard\libg_nano.a(libc_a-rget.o)
                0x08007dd0                __srget_r
 .text.__sccl   0x08007e00       0x72 C:/Users/lucas/AppData/Roaming/xPacks/xpack-arm-none-eabi-gcc-14.2.1-1.1/bin/../lib/gcc/arm-none-eabi/14.2.1/../../../../arm-none-eabi/lib/thumb/v7e-m+fp/hard\libg_nano.a(libc_a-sccl.o)
                0x08007e00                __sccl
 .text.__sread  0x08007e72       0x22 C:/Users/lucas/AppData/Roaming/xPacks/xpack-arm-none-eabi-gcc-14.2.1-1.1/bin/../lib/gcc/arm-none-eabi/14.2.1/../../../../arm-none-eabi/lib/thumb/v7e-m+fp/hard\libg_nano.a(libc_a-stdio.o)
                0x08007e72                __sread
 .text.__swrite
                0x08007e94       0x38 C:/Users/lucas/AppData/Roaming/xPacks/xpack-arm-none-eabi-gcc-14.2.1-1.1/bin/../lib/gcc/arm-none-eabi/14.2.1/../../../../arm-none-eabi/lib/thumb/v7e-m+fp/hard\libg_nano.a(libc_a-stdio.o)
                0x08007e94                __swrite
 .text.__sseek  0x08007ecc       0x26 C:/Users/lucas/AppData/Roaming/xPacks/xpack-arm-none-eabi-gcc-14.2.1-1.1/bin/../lib/gcc/arm-none-eabi/14.2.1/../../../../arm-none-eabi/lib/thumb/v7e-m+fp/hard\libg_nano.a(libc_a-stdio.o)
                0x08007ecc                __sseek
 .text.__sclose
                0x08007ef2        0x8 C:/Users/lucas/AppData/Roaming/xPacks/xpack-arm-none-eabi-gcc-14.2.1-1.1/bin/../lib/gcc/arm-none-eabi/14.2.1/../../../../arm-none-eabi/lib/thumb/v7e-m+fp/hard\libg_nano.a(libc_a-stdio.o)
                0x08007ef2                __sclose
 .text.memmove  0x08007efa       0x32 C:/Users/lucas/AppData/Roaming/xPacks/xpack-arm-none-eabi-gcc-14.2.1-1.1/bin/../lib/gcc/arm-none-eabi/14.2.1/../../../../arm-none-eabi/lib/thumb/v7e-m+fp/hard\libg_nano.a(libc_a-memmove.o)
                0x08007efa                memmove
 .text._close_r
                0x08007f2c       0x20 C:/Users/lucas/AppData/Roaming/xPacks/xpack-arm-none-eabi-gcc-14.2.1-1.1/bin/../lib/gcc/arm-none-eabi/14.2.1/../../../../arm-none-eabi/lib/thumb/v7e-m+fp/hard\libg_nano.a(libc_a-closer.o)
                0x08007f2c                _close_r
 .text._lseek_r
                0x08007f4c       0x24 C:/Users/lucas/AppData/Roaming/xPacks/xpack-arm-none-eabi-gcc-14.2.1-1.1/bin/../lib/gcc/arm-none-eabi/14.2.1/../../../../arm-none-eabi/lib/thumb/v7e-m+fp/hard\libg_nano.a(libc_a-lseekr.o)
                0x08007f4c                _lseek_r
 .text._read_r  0x08007f70       0x24 C:/Users/lucas/AppData/Roaming/xPacks/xpack-arm-none-eabi-gcc-14.2.1-1.1/bin/../lib/gcc/arm-none-eabi/14.2.1/../../../../arm-none-eabi/lib/thumb/v7e-m+fp/hard\libg_nano.a(libc_a-readr.o)
                0x08007f70                _read_r
 .text._sbrk_r  0x08007f94       0x20 C:/Users/lucas/AppData/Roaming/xPacks/xpack-arm-none-eabi-gcc-14.2.1-1.1/bin/../lib/gcc/arm-none-eabi/14.2.1/../../../../arm-none-eabi/lib/thumb/v7e-m+fp/hard\libg_nano.a(libc_a-sbrkr.o)
                0x08007f94                _sbrk_r
 .text._write_r
                0x08007fb4       0x24 C:/Users/lucas/AppData/Roaming/xPacks/xpack-arm-none-eabi-gcc-14.2.1-1.1/bin/../lib/gcc/arm-none-eabi/14.2.1/../../../../arm-none-eabi/lib/thumb/v7e-m+fp/hard\libg_nano.a(libc_a-writer.o)
                0x08007fb4                _write_r
 *fill*         0x08007fd8        0x8 
 .text          0x08007fe0       0xa0 C:/Users/lucas/AppData/Roaming/xPacks/xpack-arm-none-eabi-gcc-14.2.1-1.1/bin/../lib/gcc/arm-none-eabi/14.2.1/../../../../arm-none-eabi/lib/thumb/v7e-m+fp/hard\libg_nano.a(libc_a-memchr.o)
                0x08007fe0                memchr
 .text._free_r  0x08008080       0x94 C:/Users/lucas/AppData/Roaming/xPacks/xpack-arm-none-eabi-gcc-14.2.1-1.1/bin/../lib/gcc/arm-none-eabi/14.2.1/../../../../arm-none-eabi/lib/thumb/v7e-m+fp/hard\libg_nano.a(libc_a-freer.o)
                0x08008080                _free_r
 .text._malloc_usable_size_r
                0x08008114       0x10 C:/Users/lucas/AppData/Roaming/xPacks/xpack-arm-none-eabi-gcc-14.2.1-1.1/bin/../lib/gcc/arm-none-eabi/14.2.1/../../../../arm-none-eabi/lib/thumb/v7e-m+fp/hard\libg_nano.a(libc_a-msizer.o)
                0x08008114                _malloc_usable_size_r
 .text._strtol_l.isra.0
                0x08008124       0xf4 C:/Users/lucas/AppData/Roaming/xPacks/xpack-arm-none-eabi-gcc-14.2.1-1.1/bin/../lib/gcc/arm-none-eabi/14.2.1/../../../../arm-none-eabi/lib/thumb/v7e-m+fp/hard\libg_nano.a(libc_a-strtol.o)
 .text._strtol_r
                0x08008218        0x4 C:/Users/lucas/AppData/Roaming/xPacks/xpack-arm-none-eabi-gcc-14.2.1-1.1/bin/../lib/gcc/arm-none-eabi/14.2.1/../../../../arm-none-eabi/lib/thumb/v7e-m+fp/hard\libg_nano.a(libc_a-strtol.o)
                0x08008218                _strtol_r
 .text._strtoul_l.isra.0
                0x0800821c       0xdc C:/Users/lucas/AppData/Roaming/xPacks/xpack-arm-none-eabi-gcc-14.2.1-1.1/bin/../lib/gcc/arm-none-eabi/14.2.1/../../../../arm-none-eabi/lib/thumb/v7e-m+fp/hard\libg_nano.a(libc_a-strtoul.o)
 .text._strtoul_r
                0x080082f8        0x4 C:/Users/lucas/AppData/Roaming/xPacks/xpack-arm-none-eabi-gcc-14.2.1-1.1/bin/../lib/gcc/arm-none-eabi/14.2.1/../../../../arm-none-eabi/lib/thumb/v7e-m+fp/hard\libg_nano.a(libc_a-strtoul.o)
                0x080082f8                _strtoul_r
 .text.__swhatbuf_r
                0x080082fc       0x48 C:/Users/lucas/AppData/Roaming/xPacks/xpack-arm-none-eabi-gcc-14.2.1-1.1/bin/../lib/gcc/arm-none-eabi/14.2.1/../../../../arm-none-eabi/lib/thumb/v7e-m+fp/hard\libg_nano.a(libc_a-makebuf.o)
                0x080082fc                __swhatbuf_r
 .text.__smakebuf_r
                0x08008344       0x72 C:/Users/lucas/AppData/Roaming/xPacks/xpack-arm-none-eabi-gcc-14.2.1-1.1/bin/../lib/gcc/arm-none-eabi/14.2.1/../../../../arm-none-eabi/lib/thumb/v7e-m+fp/hard\libg_nano.a(libc_a-makebuf.o)
                0x08008344                __smakebuf_r
 *fill*         0x080083b6        0x2 
 .text._fstat_r
                0x080083b8       0x24 C:/Users/lucas/AppData/Roaming/xPacks/xpack-arm-none-eabi-gcc-14.2.1-1.1/bin/../lib/gcc/arm-none-eabi/14.2.1/../../../../arm-none-eabi/lib/thumb/v7e-m+fp/hard\libg_nano.a(libc_a-fstatr.o)
                0x080083b8                _fstat_r
 .text._isatty_r
                0x080083dc       0x20 C:/Users/lucas/AppData/Roaming/xPacks/xpack-arm-none-eabi-gcc-14.2.1-1.1/bin/../lib/gcc/arm-none-eabi/14.2.1/../../../../arm-none-eabi/lib/thumb/v7e-m+fp/hard\libg_nano.a(libc_a-isattyr.o)
                0x080083dc                _isatty_r
 *(.rodata .rodata.* .constdata .constdata.*)
 .rodata.HAL_NVIC_SetPriorityGrouping.str1.4
                0x080083fc      0x523 ./system/src/stm32f4-hal/stm32f4xx_hal_cortex.o
                                 0x31 (size before relaxing)
 .rodata.HAL_DMA_Init.str1.4
                0x0800891f       0x2e ./system/src/stm32f4-hal/stm32f4xx_hal_dma.o
 *fill*         0x0800891f        0x1 
 .rodata.flagBitshiftOffset.0
                0x08008920        0x8 ./system/src/stm32f4-hal/stm32f4xx_hal_dma.o
 .rodata.HAL_GPIO_Init.str1.4
                0x08008928       0x2f ./system/src/stm32f4-hal/stm32f4xx_hal_gpio.o
 .rodata.HAL_I2S_Init.str1.4
                0x08008928       0x2e ./system/src/stm32f4-hal/stm32f4xx_hal_i2s.o
 .rodata.HAL_RCC_OscConfig.str1.4
                0x08008928       0x2e ./system/src/stm32f4-hal/stm32f4xx_hal_rcc.o
 .rodata.HAL_RCCEx_PeriphCLKConfig.str1.4
                0x08008928       0x31 ./system/src/stm32f4-hal/stm32f4xx_hal_rcc_ex.o
 .rodata.HAL_SPI_Init.str1.4
                0x08008928       0x2e ./system/src/stm32f4-hal/stm32f4xx_hal_spi.o
 .rodata.assert_failed.str1.4
                0x08008928       0x2b ./system/src/newlib/assert.o
 .rodata.abort.str1.4
                0x08008928       0x14 ./system/src/newlib/exit.o
 .rodata.initialise_monitor_handles.str1.4
                0x08008928        0x4 ./system/src/newlib/syscalls.o
 .rodata._trace_write_semihosting_stdout.str1.4
                0x08008928        0x4 ./system/src/diag/trace-impl.o
 .rodata.trace_puts.str1.4
                0x08008928        0x2 ./system/src/diag/trace.o
 .rodata.dumpExceptionStack.str1.4
                0x08008928      0x11a ./system/src/cortexm/exception-handlers.o
 .rodata.isSemihosting.str1.4
                0x08008928        0x4 ./system/src/cortexm/exception-handlers.o
 .rodata.str1.4
                0x08008928       0x2a ./system/src/cortexm/exception-handlers.o
 .rodata.AHBPrescTable
                0x08008928       0x10 ./system/src/cmsis/system_stm32f4xx.o
                0x08008928                AHBPrescTable
 .rodata.FLLFRatioGain
                0x08008938       0x3c ./system/src/Components/wm5102/wm5102.o
                0x08008938                FLLFRatioGain
 .rodata.SampleRateConfig
                0x08008974       0x50 ./system/src/Components/wm5102/wm5102.o
                0x08008974                SampleRateConfig
 .rodata.main.str1.4
                0x080089c4       0x31 ./src/main.o
 .rodata.iirCoeffsF32
                0x080089c4       0x14 ./src/main.o
                0x080089c4                iirCoeffsF32
 .rodata.TEST_GetEQGains.str1.4
                0x080089d8       0x3a ./src/tests.o
 .rodata.HAL_GPIO_EXTI_Callback.str1.4
                0x080089d8       0x49 ./src/tests.o
 .rodata.str1.4
                0x080089d8      0x179 ./src/tests.o
 .rodata.TestDesc
                0x080089d8       0x88 ./src/tests.o
 .rodata.utilsGetOption.str1.4
                0x08008a60        0x7 ./src/utils.o
 .rodata.I2SPLLR
                0x08008a60       0x20 ./src/wolfson_pi_audio.o
                0x08008a60                I2SPLLR
 .rodata.I2SPLLN
                0x08008a80       0x20 ./src/wolfson_pi_audio.o
                0x08008a80                I2SPLLN
 .rodata.I2SFreq
                0x08008aa0       0x20 ./src/wolfson_pi_audio.o
                0x08008aa0                I2SFreq
 .rodata._ctype_
                0x08008ac0      0x101 C:/Users/lucas/AppData/Roaming/xPacks/xpack-arm-none-eabi-gcc-14.2.1-1.1/bin/../lib/gcc/arm-none-eabi/14.2.1/../../../../arm-none-eabi/lib/thumb/v7e-m+fp/hard\libg_nano.a(libc_a-ctype_.o)
                0x08008ac0                _ctype_
 .rodata._svfprintf_r.str1.1
                0x08008bc1       0x4e C:/Users/lucas/AppData/Roaming/xPacks/xpack-arm-none-eabi-gcc-14.2.1-1.1/bin/../lib/gcc/arm-none-eabi/14.2.1/../../../../arm-none-eabi/lib/thumb/v7e-m+fp/hard\libg_nano.a(libc_a-nano-svfprintf.o)
                                 0x11 (size before relaxing)
 .rodata._printf_i.str1.1
                0x08008c0f       0x22 C:/Users/lucas/AppData/Roaming/xPacks/xpack-arm-none-eabi-gcc-14.2.1-1.1/bin/../lib/gcc/arm-none-eabi/14.2.1/../../../../arm-none-eabi/lib/thumb/v7e-m+fp/hard\libg_nano.a(libc_a-nano-vfprintf_i.o)
 .rodata.__svfscanf_r.str1.1
                0x08008c0f        0x4 C:/Users/lucas/AppData/Roaming/xPacks/xpack-arm-none-eabi-gcc-14.2.1-1.1/bin/../lib/gcc/arm-none-eabi/14.2.1/../../../../arm-none-eabi/lib/thumb/v7e-m+fp/hard\libg_nano.a(libc_a-nano-vfscanf.o)
 .rodata._scanf_i.str1.1
                0x08008c0f       0x12 C:/Users/lucas/AppData/Roaming/xPacks/xpack-arm-none-eabi-gcc-14.2.1-1.1/bin/../lib/gcc/arm-none-eabi/14.2.1/../../../../arm-none-eabi/lib/thumb/v7e-m+fp/hard\libg_nano.a(libc_a-nano-vfscanf_i.o)
 .rodata.str1.1
                0x08008c0f        0x9 C:/Users/lucas/AppData/Roaming/xPacks/xpack-arm-none-eabi-gcc-14.2.1-1.1/bin/../lib/gcc/arm-none-eabi/14.2.1/../../../../arm-none-eabi/lib/thumb/v7e-m+fp/hard\libg_nano.a(libc_a-nano-vfscanf_i.o)
 *fill*         0x08008c0f        0x1 
 .rodata        0x08008c10        0xc C:/Users/lucas/AppData/Roaming/xPacks/xpack-arm-none-eabi-gcc-14.2.1-1.1/bin/../lib/gcc/arm-none-eabi/14.2.1/../../../../arm-none-eabi/lib/thumb/v7e-m+fp/hard\libg_nano.a(libc_a-nano-vfscanf_i.o)
 *(vtable)
 *(.eh_frame*)
 *(.glue_7)
 .glue_7        0x08008c1c        0x0 linker stubs
 *(.glue_7t)
 .glue_7t       0x08008c1c        0x0 linker stubs

.vfp11_veneer   0x08008c1c        0x0
 .vfp11_veneer  0x08008c1c        0x0 linker stubs

.v4_bx          0x08008c1c        0x0
 .v4_bx         0x08008c1c        0x0 linker stubs

.iplt           0x08008c1c        0x0
 .iplt          0x08008c1c        0x0 ./system/src/stm32f4_discovery/stm32f4_discovery.o

.ARM.extab
 *(.ARM.extab* .gnu.linkonce.armextab.*)
                0x08008c1c                        . = ALIGN (0x4)
                0x08008c1c                        __exidx_start = .

.ARM.exidx      0x08008c1c        0x8
 *(.ARM.exidx* .gnu.linkonce.armexidx.*)
 .ARM.exidx.text.__udivmoddi4
                0x08008c1c        0x8 C:/Users/lucas/AppData/Roaming/xPacks/xpack-arm-none-eabi-gcc-14.2.1-1.1/bin/../lib/gcc/arm-none-eabi/14.2.1/thumb/v7e-m+fp/hard\libgcc.a(_udivmoddi4.o)
 .ARM.exidx     0x08008c24        0x0 C:/Users/lucas/AppData/Roaming/xPacks/xpack-arm-none-eabi-gcc-14.2.1-1.1/bin/../lib/gcc/arm-none-eabi/14.2.1/../../../../arm-none-eabi/lib/thumb/v7e-m+fp/hard\libg_nano.a(libc_a-strcmp.o)
                                  0x8 (size before relaxing)
 .ARM.exidx     0x08008c24        0x0 C:/Users/lucas/AppData/Roaming/xPacks/xpack-arm-none-eabi-gcc-14.2.1-1.1/bin/../lib/gcc/arm-none-eabi/14.2.1/../../../../arm-none-eabi/lib/thumb/v7e-m+fp/hard\libg_nano.a(libc_a-strlen.o)
                                  0x8 (size before relaxing)
 .ARM.exidx     0x08008c24        0x0 C:/Users/lucas/AppData/Roaming/xPacks/xpack-arm-none-eabi-gcc-14.2.1-1.1/bin/../lib/gcc/arm-none-eabi/14.2.1/../../../../arm-none-eabi/lib/thumb/v7e-m+fp/hard\libg_nano.a(libc_a-memchr.o)
                                  0x8 (size before relaxing)
                0x08008c24                        __exidx_end = .

.rel.dyn        0x08008c24        0x0
 .rel.iplt      0x08008c24        0x0 ./system/src/stm32f4_discovery/stm32f4_discovery.o
                0x08008c24                        . = ALIGN (0x4)
                0x08008c24                        _etext = .
                0x08008c24                        __etext = .

.data_CCMRAM    0x10000000        0x0 load address 0x08008c24
 FILL mask 0xff
 *(.data.CCMRAM .data.CCMRAM.*)
                0x10000000                        . = ALIGN (0x4)
                0x08008c24                        _sidata = LOADADDR (.data)

.data           0x20000000      0x17c load address 0x08008c24
 FILL mask 0xff
                0x20000000                        _sdata = .
                0x20000000                        __data_start__ = .
 *(.data_begin .data_begin.*)
 .data_begin    0x20000000        0x4 ./system/src/newlib/startup.o
 *(.data .data.*)
 .data.BUTTON_PORT
                0x20000004        0x4 ./system/src/stm32f4_discovery/stm32f4_discovery.o
                0x20000004                BUTTON_PORT
 .data.SpixTimeout
                0x20000008        0x4 ./system/src/stm32f4_discovery/stm32f4_discovery.o
                0x20000008                SpixTimeout
 .data.uwTickFreq
                0x2000000c        0x1 ./system/src/stm32f4-hal/stm32f4xx_hal.o
                0x2000000c                uwTickFreq
 *fill*         0x2000000d        0x3 ff
 .data.uwTickPrio
                0x20000010        0x4 ./system/src/stm32f4-hal/stm32f4xx_hal.o
                0x20000010                uwTickPrio
 .data.SystemCoreClock
                0x20000014        0x4 ./system/src/cmsis/system_stm32f4xx.o
                0x20000014                SystemCoreClock
 .data.wm5102_drv
                0x20000018       0x34 ./system/src/Components/wm5102/wm5102.o
                0x20000018                wm5102_drv
 .data.Lis3dshDrv
                0x2000004c       0x34 ./system/src/Components/lis3dsh/lis3dsh.o
                0x2000004c                Lis3dshDrv
 .data.Lis302dlDrv
                0x20000080       0x34 ./system/src/Components/lis302dl/lis302dl.o
                0x20000080                Lis302dlDrv
 .data.filterType
                0x200000b4        0x1 ./src/main.o
                0x200000b4                filterType
 .data.Volume   0x200000b5        0x1 ./src/main.o
                0x200000b5                Volume
 *fill*         0x200000b6        0x2 ff
 .data.EQCoeffR
                0x200000b8       0x26 ./src/tests.o
                0x200000b8                EQCoeffR
 *fill*         0x200000de        0x2 ff
 .data.EQCoeffL
                0x200000e0       0x26 ./src/tests.o
                0x200000e0                EQCoeffL
 *fill*         0x20000106        0x2 ff
 .data.EQGainR  0x20000108        0x5 ./src/tests.o
                0x20000108                EQGainR
 *fill*         0x2000010d        0x3 ff
 .data.EQGainL  0x20000110        0x5 ./src/tests.o
                0x20000110                EQGainL
 *fill*         0x20000115        0x1 ff
 .data.FTCoeffR
                0x20000116        0x2 ./src/tests.o
                0x20000116                FTCoeffR
 .data.FTCoeffL
                0x20000118        0x2 ./src/tests.o
                0x20000118                FTCoeffL
 *fill*         0x2000011a        0x2 ff
 .data._impure_ptr
                0x2000011c        0x4 C:/Users/lucas/AppData/Roaming/xPacks/xpack-arm-none-eabi-gcc-14.2.1-1.1/bin/../lib/gcc/arm-none-eabi/14.2.1/../../../../arm-none-eabi/lib/thumb/v7e-m+fp/hard\libg_nano.a(libc_a-impure.o)
                0x2000011c                _impure_ptr
 .data._impure_data
                0x20000120       0x4c C:/Users/lucas/AppData/Roaming/xPacks/xpack-arm-none-eabi-gcc-14.2.1-1.1/bin/../lib/gcc/arm-none-eabi/14.2.1/../../../../arm-none-eabi/lib/thumb/v7e-m+fp/hard\libg_nano.a(libc_a-impure.o)
                0x20000120                _impure_data
 .data.__sglue  0x2000016c        0xc C:/Users/lucas/AppData/Roaming/xPacks/xpack-arm-none-eabi-gcc-14.2.1-1.1/bin/../lib/gcc/arm-none-eabi/14.2.1/../../../../arm-none-eabi/lib/thumb/v7e-m+fp/hard\libg_nano.a(libc_a-findfp.o)
                0x2000016c                __sglue
 *(.data_end .data_end.*)
 .data_end      0x20000178        0x4 ./system/src/newlib/startup.o
                0x2000017c                        . = ALIGN (0x4)
                0x2000017c                        _edata = .
                0x2000017c                        __data_end__ = .

.igot.plt       0x2000017c        0x0 load address 0x08008da0
 .igot.plt      0x2000017c        0x0 ./system/src/stm32f4_discovery/stm32f4_discovery.o

.bss_CCMRAM     0x10000000        0x0
 *(.bss.CCMRAM .bss.CCMRAM.*)

.bss            0x2000017c     0x44f4
                0x2000017c                        __bss_start__ = .
                0x2000017c                        _sbss = .
 *(.bss_begin .bss_begin.*)
 .bss_begin     0x2000017c        0x4 ./system/src/newlib/startup.o
 *(.bss .bss.*)
 .bss.SpiHandle
                0x20000180       0x58 ./system/src/stm32f4_discovery/stm32f4_discovery.o
 .bss.AcceleroDrv
                0x200001d8        0x4 ./system/src/stm32f4_discovery/stm32f4_discovery_accelerometer.o
 .bss.uwTick    0x200001dc        0x4 ./system/src/stm32f4-hal/stm32f4xx_hal.o
                0x200001dc                uwTick
 .bss.current_heap_end.0
                0x200001e0        0x4 ./system/src/newlib/sbrk.o
 .bss.args_buf.1
                0x200001e4       0x50 ./system/src/newlib/syscalls.o
 .bss.argv_buf.0
                0x20000234       0x28 ./system/src/newlib/syscalls.o
 .bss.errno     0x2000025c        0x4 ./system/src/newlib/syscalls.o
                0x2000025c                errno
 .bss.monitor_stderr
                0x20000260        0x4 ./system/src/newlib/syscalls.o
 .bss.monitor_stdin
                0x20000264        0x4 ./system/src/newlib/syscalls.o
 .bss.monitor_stdout
                0x20000268        0x4 ./system/src/newlib/syscalls.o
 .bss.openfiles
                0x2000026c       0xa0 ./system/src/newlib/syscalls.o
 .bss.handle.0  0x2000030c        0x4 ./system/src/diag/trace-impl.o
 .bss.buf.0     0x20000310       0x80 ./system/src/diag/trace.o
 .bss.iirStateF32
                0x20000390       0x10 ./src/main.o
 .bss.buffer_offset
                0x200003a0        0x1 ./src/main.o
                0x200003a0                buffer_offset
 *fill*         0x200003a1        0x3 
 .bss.RxBuffer  0x200003a4     0x2000 ./src/main.o
                0x200003a4                RxBuffer
 .bss.TxBuffer  0x200023a4     0x2000 ./src/main.o
                0x200023a4                TxBuffer
 .bss.TestDebounce
                0x200043a4        0x4 ./src/tests.o
                0x200043a4                TestDebounce
 .bss.TestPending
                0x200043a8        0x1 ./src/tests.o
                0x200043a8                TestPending
 *fill*         0x200043a9        0x3 
 .bss.CustomEQGainR
                0x200043ac        0x5 ./src/tests.o
                0x200043ac                CustomEQGainR
 *fill*         0x200043b1        0x3 
 .bss.CustomEQGainL
                0x200043b4        0x5 ./src/tests.o
                0x200043b4                CustomEQGainL
 *fill*         0x200043b9        0x3 
 .bss.CurrentAudioFreq
                0x200043bc        0x4 ./src/wolfson_pi_audio.o
                0x200043bc                CurrentAudioFreq
 .bss.WOLFSON_PI_AUDIO_I2Sx_DMAx_TX_HandleStructure
                0x200043c0       0x60 ./src/wolfson_pi_audio.o
                0x200043c0                WOLFSON_PI_AUDIO_I2Sx_DMAx_TX_HandleStructure
 .bss.WOLFSON_PI_AUDIO_I2Sx_DMAx_RX_HandleStructure
                0x20004420       0x60 ./src/wolfson_pi_audio.o
                0x20004420                WOLFSON_PI_AUDIO_I2Sx_DMAx_RX_HandleStructure
 .bss.WOLFSON_PI_AUDIO_I2Sx_HandleStructure
                0x20004480       0x48 ./src/wolfson_pi_audio.o
                0x20004480                WOLFSON_PI_AUDIO_I2Sx_HandleStructure
 .bss.WOLFSON_PI_AUDIO_SPIx_HandleStructure
                0x200044c8       0x58 ./src/wolfson_pi_audio.o
                0x200044c8                WOLFSON_PI_AUDIO_SPIx_HandleStructure
 .bss.pAudioDrv
                0x20004520        0x4 ./src/wolfson_pi_audio.o
 .bss.__lock___malloc_recursive_mutex
                0x20004524        0x1 C:/Users/lucas/AppData/Roaming/xPacks/xpack-arm-none-eabi-gcc-14.2.1-1.1/bin/../lib/gcc/arm-none-eabi/14.2.1/../../../../arm-none-eabi/lib/thumb/v7e-m+fp/hard\libg_nano.a(libc_a-lock.o)
                0x20004524                __lock___malloc_recursive_mutex
 .bss.__lock___sfp_recursive_mutex
                0x20004525        0x1 C:/Users/lucas/AppData/Roaming/xPacks/xpack-arm-none-eabi-gcc-14.2.1-1.1/bin/../lib/gcc/arm-none-eabi/14.2.1/../../../../arm-none-eabi/lib/thumb/v7e-m+fp/hard\libg_nano.a(libc_a-lock.o)
                0x20004525                __lock___sfp_recursive_mutex
 *fill*         0x20004526        0x2 
 .bss.__malloc_sbrk_start
                0x20004528        0x4 C:/Users/lucas/AppData/Roaming/xPacks/xpack-arm-none-eabi-gcc-14.2.1-1.1/bin/../lib/gcc/arm-none-eabi/14.2.1/../../../../arm-none-eabi/lib/thumb/v7e-m+fp/hard\libg_nano.a(libc_a-mallocr.o)
                0x20004528                __malloc_sbrk_start
 .bss.__malloc_free_list
                0x2000452c        0x4 C:/Users/lucas/AppData/Roaming/xPacks/xpack-arm-none-eabi-gcc-14.2.1-1.1/bin/../lib/gcc/arm-none-eabi/14.2.1/../../../../arm-none-eabi/lib/thumb/v7e-m+fp/hard\libg_nano.a(libc_a-mallocr.o)
                0x2000452c                __malloc_free_list
 .bss.__sf      0x20004530      0x138 C:/Users/lucas/AppData/Roaming/xPacks/xpack-arm-none-eabi-gcc-14.2.1-1.1/bin/../lib/gcc/arm-none-eabi/14.2.1/../../../../arm-none-eabi/lib/thumb/v7e-m+fp/hard\libg_nano.a(libc_a-findfp.o)
                0x20004530                __sf
 .bss.__stdio_exit_handler
                0x20004668        0x4 C:/Users/lucas/AppData/Roaming/xPacks/xpack-arm-none-eabi-gcc-14.2.1-1.1/bin/../lib/gcc/arm-none-eabi/14.2.1/../../../../arm-none-eabi/lib/thumb/v7e-m+fp/hard\libg_nano.a(libc_a-findfp.o)
                0x20004668                __stdio_exit_handler
 *(COMMON)
 *(.bss_end .bss_end.*)
 .bss_end       0x2000466c        0x4 ./system/src/newlib/startup.o
                0x20004670                        . = ALIGN (0x4)
                0x20004670                        __bss_end__ = .
                0x20004670                        _ebss = .

.noinit_CCMRAM
 *(.noinit.CCMRAM .noinit.CCMRAM.*)

.noinit         0x20004670        0x0
                0x20004670                        _noinit = .
 *(.noinit .noinit.*)
                0x20004670                        . = ALIGN (0x4)
                0x20004670                        _end_noinit = .
                [!provide]                        PROVIDE (end = _end_noinit)
                [!provide]                        PROVIDE (_end = _end_noinit)
                [!provide]                        PROVIDE (__end = _end_noinit)
                [!provide]                        PROVIDE (__end__ = _end_noinit)

._check_stack   0x20004670      0x100
                0x20004770                        . = (. + _Minimum_Stack_Size)
 *fill*         0x20004670      0x100 

.b1text
 *(.b1text)
 *(.b1rodata)
 *(.b1rodata.*)

.eb0text
 *(.eb0text)
 *(.eb0rodata)
 *(.eb0rodata.*)

.eb1text
 *(.eb1text)
 *(.eb1rodata)
 *(.eb1rodata.*)

.eb2text
 *(.eb2text)
 *(.eb2rodata)
 *(.eb2rodata.*)

.eb3text
 *(.eb3text)
 *(.eb3rodata)
 *(.eb3rodata.*)

.stab
 *(.stab)

.stabstr
 *(.stabstr)

.stab.excl
 *(.stab.excl)

.stab.exclstr
 *(.stab.exclstr)

.stab.index
 *(.stab.index)

.stab.indexstr
 *(.stab.indexstr)

.comment        0x00000000       0x72
 *(.comment)
 .comment       0x00000000       0x72 ./system/src/stm32f4_discovery/stm32f4_discovery.o
                                 0x3a (size before relaxing)
 .comment       0x00000072       0x3a ./system/src/stm32f4_discovery/stm32f4_discovery_accelerometer.o
 .comment       0x00000072       0x3a ./system/src/stm32f4-hal/stm32f4xx_hal.o
 .comment       0x00000072       0x3a ./system/src/stm32f4-hal/stm32f4xx_hal_cortex.o
 .comment       0x00000072       0x3a ./system/src/stm32f4-hal/stm32f4xx_hal_dma.o
 .comment       0x00000072       0x3a ./system/src/stm32f4-hal/stm32f4xx_hal_gpio.o
 .comment       0x00000072       0x3a ./system/src/stm32f4-hal/stm32f4xx_hal_i2s.o
 .comment       0x00000072       0x3a ./system/src/stm32f4-hal/stm32f4xx_hal_i2s_ex.o
 .comment       0x00000072       0x3a ./system/src/stm32f4-hal/stm32f4xx_hal_rcc.o
 .comment       0x00000072       0x3a ./system/src/stm32f4-hal/stm32f4xx_hal_rcc_ex.o
 .comment       0x00000072       0x3a ./system/src/stm32f4-hal/stm32f4xx_hal_spi.o
 .comment       0x00000072       0x3a ./system/src/newlib/assert.o
 .comment       0x00000072       0x3a ./system/src/newlib/exit.o
 .comment       0x00000072       0x3a ./system/src/newlib/sbrk.o
 .comment       0x00000072       0x3a ./system/src/newlib/startup.o
 .comment       0x00000072       0x3a ./system/src/newlib/syscalls.o
 .comment       0x00000072       0x3a ./system/src/diag/trace-impl.o
 .comment       0x00000072       0x3a ./system/src/diag/trace.o
 .comment       0x00000072       0x3a ./system/src/cortexm/exception-handlers.o
 .comment       0x00000072       0x3a ./system/src/cortexm/initialize-hardware.o
 .comment       0x00000072       0x3a ./system/src/cmsis/dsp/FilteringFunctions/FilteringFunctions.o
 .comment       0x00000072       0x3a ./system/src/cmsis/system_stm32f4xx.o
 .comment       0x00000072       0x3a ./system/src/cmsis/vectors_stm32f407xx.o
 .comment       0x00000072       0x3a ./system/src/Components/wm5102/wm5102.o
 .comment       0x00000072       0x3a ./system/src/Components/lis3dsh/lis3dsh.o
 .comment       0x00000072       0x3a ./system/src/Components/lis302dl/lis302dl.o
 .comment       0x00000072       0x3a ./src/_initialize_hardware.o
 .comment       0x00000072       0x3a ./src/dwt.o
 .comment       0x00000072       0x3a ./src/main.o
 .comment       0x00000072       0x3a ./src/stm32f4xx_it.o
 .comment       0x00000072       0x3a ./src/tests.o
 .comment       0x00000072       0x3a ./src/utils.o
 .comment       0x00000072       0x3a ./src/wolfson_pi_audio.o
 .comment       0x00000072       0x3a C:/Users/lucas/AppData/Roaming/xPacks/xpack-arm-none-eabi-gcc-14.2.1-1.1/bin/../lib/gcc/arm-none-eabi/14.2.1/thumb/v7e-m+fp/hard\libgcc.a(_udivmoddi4.o)
 .comment       0x00000072       0x3a C:/Users/lucas/AppData/Roaming/xPacks/xpack-arm-none-eabi-gcc-14.2.1-1.1/bin/../lib/gcc/arm-none-eabi/14.2.1/../../../../arm-none-eabi/lib/thumb/v7e-m+fp/hard\libg_nano.a(libc_a-ctype_.o)
 .comment       0x00000072       0x3a C:/Users/lucas/AppData/Roaming/xPacks/xpack-arm-none-eabi-gcc-14.2.1-1.1/bin/../lib/gcc/arm-none-eabi/14.2.1/../../../../arm-none-eabi/lib/thumb/v7e-m+fp/hard\libg_nano.a(libc_a-getchar.o)
 .comment       0x00000072       0x3a C:/Users/lucas/AppData/Roaming/xPacks/xpack-arm-none-eabi-gcc-14.2.1-1.1/bin/../lib/gcc/arm-none-eabi/14.2.1/../../../../arm-none-eabi/lib/thumb/v7e-m+fp/hard\libg_nano.a(libc_a-scanf.o)
 .comment       0x00000072       0x3a C:/Users/lucas/AppData/Roaming/xPacks/xpack-arm-none-eabi-gcc-14.2.1-1.1/bin/../lib/gcc/arm-none-eabi/14.2.1/../../../../arm-none-eabi/lib/thumb/v7e-m+fp/hard\libg_nano.a(libc_a-ungetc.o)
 .comment       0x00000072       0x3a C:/Users/lucas/AppData/Roaming/xPacks/xpack-arm-none-eabi-gcc-14.2.1-1.1/bin/../lib/gcc/arm-none-eabi/14.2.1/../../../../arm-none-eabi/lib/thumb/v7e-m+fp/hard\libg_nano.a(libc_a-vsnprintf.o)
 .comment       0x00000072       0x3a C:/Users/lucas/AppData/Roaming/xPacks/xpack-arm-none-eabi-gcc-14.2.1-1.1/bin/../lib/gcc/arm-none-eabi/14.2.1/../../../../arm-none-eabi/lib/thumb/v7e-m+fp/hard\libg_nano.a(libc_a-memset.o)
 .comment       0x00000072       0x3a C:/Users/lucas/AppData/Roaming/xPacks/xpack-arm-none-eabi-gcc-14.2.1-1.1/bin/../lib/gcc/arm-none-eabi/14.2.1/../../../../arm-none-eabi/lib/thumb/v7e-m+fp/hard\libg_nano.a(libc_a-impure.o)
 .comment       0x00000072       0x3a C:/Users/lucas/AppData/Roaming/xPacks/xpack-arm-none-eabi-gcc-14.2.1-1.1/bin/../lib/gcc/arm-none-eabi/14.2.1/../../../../arm-none-eabi/lib/thumb/v7e-m+fp/hard\libg_nano.a(libc_a-errno.o)
 .comment       0x00000072       0x3a C:/Users/lucas/AppData/Roaming/xPacks/xpack-arm-none-eabi-gcc-14.2.1-1.1/bin/../lib/gcc/arm-none-eabi/14.2.1/../../../../arm-none-eabi/lib/thumb/v7e-m+fp/hard\libg_nano.a(libc_a-lock.o)
 .comment       0x00000072       0x3a C:/Users/lucas/AppData/Roaming/xPacks/xpack-arm-none-eabi-gcc-14.2.1-1.1/bin/../lib/gcc/arm-none-eabi/14.2.1/../../../../arm-none-eabi/lib/thumb/v7e-m+fp/hard\libg_nano.a(libc_a-memcpy-stub.o)
 .comment       0x00000072       0x3a C:/Users/lucas/AppData/Roaming/xPacks/xpack-arm-none-eabi-gcc-14.2.1-1.1/bin/../lib/gcc/arm-none-eabi/14.2.1/../../../../arm-none-eabi/lib/thumb/v7e-m+fp/hard\libg_nano.a(libc_a-mallocr.o)
 .comment       0x00000072       0x3a C:/Users/lucas/AppData/Roaming/xPacks/xpack-arm-none-eabi-gcc-14.2.1-1.1/bin/../lib/gcc/arm-none-eabi/14.2.1/../../../../arm-none-eabi/lib/thumb/v7e-m+fp/hard\libg_nano.a(libc_a-mlock.o)
 .comment       0x00000072       0x3a C:/Users/lucas/AppData/Roaming/xPacks/xpack-arm-none-eabi-gcc-14.2.1-1.1/bin/../lib/gcc/arm-none-eabi/14.2.1/../../../../arm-none-eabi/lib/thumb/v7e-m+fp/hard\libg_nano.a(libc_a-reallocr.o)
 .comment       0x00000072       0x3a C:/Users/lucas/AppData/Roaming/xPacks/xpack-arm-none-eabi-gcc-14.2.1-1.1/bin/../lib/gcc/arm-none-eabi/14.2.1/../../../../arm-none-eabi/lib/thumb/v7e-m+fp/hard\libg_nano.a(libc_a-nano-svfprintf.o)
 .comment       0x00000072       0x3a C:/Users/lucas/AppData/Roaming/xPacks/xpack-arm-none-eabi-gcc-14.2.1-1.1/bin/../lib/gcc/arm-none-eabi/14.2.1/../../../../arm-none-eabi/lib/thumb/v7e-m+fp/hard\libg_nano.a(libc_a-nano-vfprintf_i.o)
 .comment       0x00000072       0x3a C:/Users/lucas/AppData/Roaming/xPacks/xpack-arm-none-eabi-gcc-14.2.1-1.1/bin/../lib/gcc/arm-none-eabi/14.2.1/../../../../arm-none-eabi/lib/thumb/v7e-m+fp/hard\libg_nano.a(libc_a-nano-vfscanf.o)
 .comment       0x00000072       0x3a C:/Users/lucas/AppData/Roaming/xPacks/xpack-arm-none-eabi-gcc-14.2.1-1.1/bin/../lib/gcc/arm-none-eabi/14.2.1/../../../../arm-none-eabi/lib/thumb/v7e-m+fp/hard\libg_nano.a(libc_a-nano-vfscanf_i.o)
 .comment       0x00000072       0x3a C:/Users/lucas/AppData/Roaming/xPacks/xpack-arm-none-eabi-gcc-14.2.1-1.1/bin/../lib/gcc/arm-none-eabi/14.2.1/../../../../arm-none-eabi/lib/thumb/v7e-m+fp/hard\libg_nano.a(libc_a-fflush.o)
 .comment       0x00000072       0x3a C:/Users/lucas/AppData/Roaming/xPacks/xpack-arm-none-eabi-gcc-14.2.1-1.1/bin/../lib/gcc/arm-none-eabi/14.2.1/../../../../arm-none-eabi/lib/thumb/v7e-m+fp/hard\libg_nano.a(libc_a-findfp.o)
 .comment       0x00000072       0x3a C:/Users/lucas/AppData/Roaming/xPacks/xpack-arm-none-eabi-gcc-14.2.1-1.1/bin/../lib/gcc/arm-none-eabi/14.2.1/../../../../arm-none-eabi/lib/thumb/v7e-m+fp/hard\libg_nano.a(libc_a-fwalk.o)
 .comment       0x00000072       0x3a C:/Users/lucas/AppData/Roaming/xPacks/xpack-arm-none-eabi-gcc-14.2.1-1.1/bin/../lib/gcc/arm-none-eabi/14.2.1/../../../../arm-none-eabi/lib/thumb/v7e-m+fp/hard\libg_nano.a(libc_a-getc.o)
 .comment       0x00000072       0x3a C:/Users/lucas/AppData/Roaming/xPacks/xpack-arm-none-eabi-gcc-14.2.1-1.1/bin/../lib/gcc/arm-none-eabi/14.2.1/../../../../arm-none-eabi/lib/thumb/v7e-m+fp/hard\libg_nano.a(libc_a-refill.o)
 .comment       0x00000072       0x3a C:/Users/lucas/AppData/Roaming/xPacks/xpack-arm-none-eabi-gcc-14.2.1-1.1/bin/../lib/gcc/arm-none-eabi/14.2.1/../../../../arm-none-eabi/lib/thumb/v7e-m+fp/hard\libg_nano.a(libc_a-rget.o)
 .comment       0x00000072       0x3a C:/Users/lucas/AppData/Roaming/xPacks/xpack-arm-none-eabi-gcc-14.2.1-1.1/bin/../lib/gcc/arm-none-eabi/14.2.1/../../../../arm-none-eabi/lib/thumb/v7e-m+fp/hard\libg_nano.a(libc_a-sccl.o)
 .comment       0x00000072       0x3a C:/Users/lucas/AppData/Roaming/xPacks/xpack-arm-none-eabi-gcc-14.2.1-1.1/bin/../lib/gcc/arm-none-eabi/14.2.1/../../../../arm-none-eabi/lib/thumb/v7e-m+fp/hard\libg_nano.a(libc_a-stdio.o)
 .comment       0x00000072       0x3a C:/Users/lucas/AppData/Roaming/xPacks/xpack-arm-none-eabi-gcc-14.2.1-1.1/bin/../lib/gcc/arm-none-eabi/14.2.1/../../../../arm-none-eabi/lib/thumb/v7e-m+fp/hard\libg_nano.a(libc_a-memmove.o)
 .comment       0x00000072       0x3a C:/Users/lucas/AppData/Roaming/xPacks/xpack-arm-none-eabi-gcc-14.2.1-1.1/bin/../lib/gcc/arm-none-eabi/14.2.1/../../../../arm-none-eabi/lib/thumb/v7e-m+fp/hard\libg_nano.a(libc_a-closer.o)
 .comment       0x00000072       0x3a C:/Users/lucas/AppData/Roaming/xPacks/xpack-arm-none-eabi-gcc-14.2.1-1.1/bin/../lib/gcc/arm-none-eabi/14.2.1/../../../../arm-none-eabi/lib/thumb/v7e-m+fp/hard\libg_nano.a(libc_a-lseekr.o)
 .comment       0x00000072       0x3a C:/Users/lucas/AppData/Roaming/xPacks/xpack-arm-none-eabi-gcc-14.2.1-1.1/bin/../lib/gcc/arm-none-eabi/14.2.1/../../../../arm-none-eabi/lib/thumb/v7e-m+fp/hard\libg_nano.a(libc_a-readr.o)
 .comment       0x00000072       0x3a C:/Users/lucas/AppData/Roaming/xPacks/xpack-arm-none-eabi-gcc-14.2.1-1.1/bin/../lib/gcc/arm-none-eabi/14.2.1/../../../../arm-none-eabi/lib/thumb/v7e-m+fp/hard\libg_nano.a(libc_a-sbrkr.o)
 .comment       0x00000072       0x3a C:/Users/lucas/AppData/Roaming/xPacks/xpack-arm-none-eabi-gcc-14.2.1-1.1/bin/../lib/gcc/arm-none-eabi/14.2.1/../../../../arm-none-eabi/lib/thumb/v7e-m+fp/hard\libg_nano.a(libc_a-writer.o)
 .comment       0x00000072       0x3a C:/Users/lucas/AppData/Roaming/xPacks/xpack-arm-none-eabi-gcc-14.2.1-1.1/bin/../lib/gcc/arm-none-eabi/14.2.1/../../../../arm-none-eabi/lib/thumb/v7e-m+fp/hard\libg_nano.a(libc_a-freer.o)
 .comment       0x00000072       0x3a C:/Users/lucas/AppData/Roaming/xPacks/xpack-arm-none-eabi-gcc-14.2.1-1.1/bin/../lib/gcc/arm-none-eabi/14.2.1/../../../../arm-none-eabi/lib/thumb/v7e-m+fp/hard\libg_nano.a(libc_a-msizer.o)
 .comment       0x00000072       0x3a C:/Users/lucas/AppData/Roaming/xPacks/xpack-arm-none-eabi-gcc-14.2.1-1.1/bin/../lib/gcc/arm-none-eabi/14.2.1/../../../../arm-none-eabi/lib/thumb/v7e-m+fp/hard\libg_nano.a(libc_a-strtol.o)
 .comment       0x00000072       0x3a C:/Users/lucas/AppData/Roaming/xPacks/xpack-arm-none-eabi-gcc-14.2.1-1.1/bin/../lib/gcc/arm-none-eabi/14.2.1/../../../../arm-none-eabi/lib/thumb/v7e-m+fp/hard\libg_nano.a(libc_a-strtoul.o)
 .comment       0x00000072       0x3a C:/Users/lucas/AppData/Roaming/xPacks/xpack-arm-none-eabi-gcc-14.2.1-1.1/bin/../lib/gcc/arm-none-eabi/14.2.1/../../../../arm-none-eabi/lib/thumb/v7e-m+fp/hard\libg_nano.a(libc_a-makebuf.o)
 .comment       0x00000072       0x3a C:/Users/lucas/AppData/Roaming/xPacks/xpack-arm-none-eabi-gcc-14.2.1-1.1/bin/../lib/gcc/arm-none-eabi/14.2.1/../../../../arm-none-eabi/lib/thumb/v7e-m+fp/hard\libg_nano.a(libc_a-fstatr.o)
 .comment       0x00000072       0x3a C:/Users/lucas/AppData/Roaming/xPacks/xpack-arm-none-eabi-gcc-14.2.1-1.1/bin/../lib/gcc/arm-none-eabi/14.2.1/../../../../arm-none-eabi/lib/thumb/v7e-m+fp/hard\libg_nano.a(libc_a-isattyr.o)

.ARM.attributes
                0x00000000       0x32
 .ARM.attributes
                0x00000000       0x34 ./system/src/stm32f4_discovery/stm32f4_discovery.o
 .ARM.attributes
                0x00000034       0x34 ./system/src/stm32f4_discovery/stm32f4_discovery_accelerometer.o